stm32l4xx_hal_sai.c:763:13:HAL_SAI_MspInit	0	static
stm32l4xx_hal_sai.c:369:19:HAL_SAI_Init	32	static
stm32l4xx_hal_sai.c:330:19:HAL_SAI_InitProtocol	32	static
stm32l4xx_hal_sai.c:779:13:HAL_SAI_MspDeInit	0	static
stm32l4xx_hal_sai.c:693:19:HAL_SAI_DeInit	16	static
stm32l4xx_hal_sai.c:1020:19:HAL_SAI_Transmit	24	static
stm32l4xx_hal_sai.c:1133:19:HAL_SAI_Receive	24	static
stm32l4xx_hal_sai.c:1243:19:HAL_SAI_Transmit_IT	16	static
stm32l4xx_hal_sai.c:1305:19:HAL_SAI_Receive_IT	8	static
stm32l4xx_hal_sai.c:1363:19:HAL_SAI_DMAPause	0	static
stm32l4xx_hal_sai.c:1383:19:HAL_SAI_DMAResume	0	static
stm32l4xx_hal_sai.c:1410:19:HAL_SAI_DMAStop	16	static
stm32l4xx_hal_sai.c:1472:19:HAL_SAI_Abort	16	static
stm32l4xx_hal_sai.c:1544:19:HAL_SAI_Transmit_DMA	32	static
stm32l4xx_hal_sai.c:1631:19:HAL_SAI_Receive_DMA	24	static
stm32l4xx_hal_sai.c:1700:19:HAL_SAI_EnableTxMuteMode	0	static
stm32l4xx_hal_sai.c:1719:19:HAL_SAI_DisableTxMuteMode	0	static
stm32l4xx_hal_sai.c:1737:19:HAL_SAI_EnableRxMuteMode	4	static
stm32l4xx_hal_sai.c:1760:19:HAL_SAI_DisableRxMuteMode	0	static
stm32l4xx_hal_sai.c:2043:13:HAL_SAI_TxCpltCallback	0	static
stm32l4xx_hal_sai.c:2523:13:SAI_Transmit_IT32Bit	24	static
stm32l4xx_hal_sai.c:2667:13:SAI_DMATxCplt	16	static
stm32l4xx_hal_sai.c:2461:13:SAI_Transmit_IT8Bit	16	static
stm32l4xx_hal_sai.c:2490:13:SAI_Transmit_IT16Bit	16	static
stm32l4xx_hal_sai.c:2059:13:HAL_SAI_TxHalfCpltCallback	0	static
stm32l4xx_hal_sai.c:2696:13:SAI_DMATxHalfCplt	8	static
stm32l4xx_hal_sai.c:2075:13:HAL_SAI_RxCpltCallback	0	static
stm32l4xx_hal_sai.c:2627:13:SAI_Receive_IT32Bit	16	static
stm32l4xx_hal_sai.c:2713:13:SAI_DMARxCplt	16	static
stm32l4xx_hal_sai.c:2560:13:SAI_Receive_IT8Bit	16	static
stm32l4xx_hal_sai.c:2591:13:SAI_Receive_IT16Bit	16	static
stm32l4xx_hal_sai.c:2091:13:HAL_SAI_RxHalfCpltCallback	0	static
stm32l4xx_hal_sai.c:2741:13:SAI_DMARxHalfCplt	8	static
stm32l4xx_hal_sai.c:2107:13:HAL_SAI_ErrorCallback	0	static
stm32l4xx_hal_sai.c:2758:13:SAI_DMAError	8	static
stm32l4xx_hal_sai.c:1779:6:HAL_SAI_IRQHandler	16	static
stm32l4xx_hal_sai.c:2792:13:SAI_DMAAbort	8	static
stm32l4xx_hal_sai.c:2142:22:HAL_SAI_GetState	0	static
stm32l4xx_hal_sai.c:2153:10:HAL_SAI_GetError	0	static
