stm32l4xx_hal_msp.c:64:6:HAL_MspInit	8	static
stm32l4xx_hal_msp.c:86:6:HAL_ADC_MspInit	40	static
stm32l4xx_hal_msp.c:119:6:HAL_ADC_MspDeInit	0	static
stm32l4xx_hal_msp.c:147:6:HAL_I2C_MspInit	56	static
stm32l4xx_hal_msp.c:207:6:HAL_I2C_MspDeInit	0	static
stm32l4xx_hal_msp.c:254:6:HAL_LCD_MspInit	56	static
stm32l4xx_hal_msp.c:343:6:HAL_LCD_MspDeInit	8	static
stm32l4xx_hal_msp.c:407:6:HAL_QSPI_MspInit	48	static
stm32l4xx_hal_msp.c:448:6:HAL_QSPI_MspDeInit	0	static
stm32l4xx_hal_msp.c:482:6:HAL_SPI_MspInit	48	static
stm32l4xx_hal_msp.c:519:6:HAL_SPI_MspDeInit	0	static
stm32l4xx_hal_msp.c:549:6:HAL_TIM_Base_MspInit	8	static
stm32l4xx_hal_msp.c:571:6:HAL_TIM_Base_MspDeInit	0	static
stm32l4xx_hal_msp.c:593:6:HAL_UART_MspInit	48	static
stm32l4xx_hal_msp.c:629:6:HAL_UART_MspDeInit	0	static
stm32l4xx_hal_msp.c:654:6:HAL_SAI_MspInit	56	static
stm32l4xx_hal_msp.c:712:6:HAL_SAI_MspDeInit	8	static
