stm32l4xx_hal_msp.c:64:6:HAL_MspInit	8	static
stm32l4xx_hal_msp.c:86:6:HAL_ADC_MspInit	40	static
stm32l4xx_hal_msp.c:119:6:HAL_ADC_MspDeInit	0	static
stm32l4xx_hal_msp.c:147:6:HAL_I2C_MspInit	48	static
stm32l4xx_hal_msp.c:183:6:HAL_I2C_MspDeInit	0	static
stm32l4xx_hal_msp.c:212:6:HAL_LCD_MspInit	56	static
stm32l4xx_hal_msp.c:301:6:HAL_LCD_MspDeInit	8	static
stm32l4xx_hal_msp.c:365:6:HAL_QSPI_MspInit	48	static
stm32l4xx_hal_msp.c:406:6:HAL_QSPI_MspDeInit	0	static
stm32l4xx_hal_msp.c:440:6:HAL_SPI_MspInit	48	static
stm32l4xx_hal_msp.c:477:6:HAL_SPI_MspDeInit	0	static
stm32l4xx_hal_msp.c:507:6:HAL_TIM_Base_MspInit	8	static
stm32l4xx_hal_msp.c:529:6:HAL_TIM_Base_MspDeInit	0	static
stm32l4xx_hal_msp.c:551:6:HAL_UART_MspInit	48	static
stm32l4xx_hal_msp.c:587:6:HAL_UART_MspDeInit	0	static
stm32l4xx_hal_msp.c:612:6:HAL_SAI_MspInit	56	static
stm32l4xx_hal_msp.c:670:6:HAL_SAI_MspDeInit	8	static
