hx8347i.c:228:10:hx8347i_GetLcdPixelWidth	0	static
hx8347i.c:238:10:hx8347i_GetLcdPixelHeight	0	static
hx8347i.c:183:6:hx8347i_DisplayOn	32	static
hx8347i.c:207:6:hx8347i_DisplayOff	32	static
hx8347i.c:266:6:hx8347i_SetCursor	24	static
hx8347i.c:346:6:hx8347i_SetDisplayWindow	40	static
hx8347i.c:248:10:hx8347i_ReadID	8	static
hx8347i.c:298:10:hx8347i_ReadPixel	24	static
hx8347i.c:281:6:hx8347i_WritePixel	32	static
hx8347i.c:373:6:hx8347i_DrawHLine	40	static
hx8347i.c:400:6:hx8347i_DrawVLine	40	static
hx8347i.c:425:6:hx8347i_DrawBitmap	40	static
hx8347i.c:105:6:hx8347i_Init	144	static
hx8347i.c:316:6:hx8347i_WriteReg	16	static
hx8347i.c:329:10:hx8347i_ReadReg	8	static
