hx8347g.c:230:10:hx8347g_GetLcdPixelWidth	0	static
hx8347g.c:240:10:hx8347g_GetLcdPixelHeight	0	static
hx8347g.c:185:6:hx8347g_DisplayOn	32	static
hx8347g.c:209:6:hx8347g_DisplayOff	32	static
hx8347g.c:268:6:hx8347g_SetCursor	24	static
hx8347g.c:348:6:hx8347g_SetDisplayWindow	40	static
hx8347g.c:250:10:hx8347g_ReadID	8	static
hx8347g.c:300:10:hx8347g_ReadPixel	24	static
hx8347g.c:283:6:hx8347g_WritePixel	32	static
hx8347g.c:375:6:hx8347g_DrawHLine	40	static
hx8347g.c:402:6:hx8347g_DrawVLine	40	static
hx8347g.c:427:6:hx8347g_DrawBitmap	40	static
hx8347g.c:105:6:hx8347g_Init	144	static
hx8347g.c:318:6:hx8347g_WriteReg	16	static
hx8347g.c:331:10:hx8347g_ReadReg	8	static
