st7789h2.c:322:10:ST7789H2_GetLcdPixelWidth	0	static
st7789h2.c:465:6:ST7789H2_SetDisplayWindow	12	static
st7789h2.c:342:10:ST7789H2_ReadID	8	static
st7789h2.c:332:10:ST7789H2_GetLcdPixelHeight	0	static
st7789h2.c:355:6:ST7789H2_SetCursor	16	static
st7789h2.c:291:6:ST7789H2_DisplayOn	8	static
st7789h2.c:305:6:ST7789H2_DisplayOff	8	static
st7789h2.c:114:6:ST7789H2_Init	40	static
st7789h2.c:598:6:ST7789H2_DrawRGBImage	64	static
st7789h2.c:561:6:ST7789H2_DrawBitmap	72	static
st7789h2.c:379:6:ST7789H2_WritePixel	16	static
st7789h2.c:512:6:ST7789H2_DrawHLine	24	static
st7789h2.c:537:6:ST7789H2_DrawVLine	48	static
st7789h2.c:397:10:ST7789H2_ReadPixel	24	static
st7789h2.c:249:6:ST7789H2_SetOrientation	24	static
st7789h2.c:426:6:ST7789H2_WriteReg	16	static
st7789h2.c:445:9:ST7789H2_ReadReg	8	static
