Archive member included to satisfy reference by file (symbol)

c:/st/stm32cubeide_1.0.2/stm32cubeide/plugins/com.st.stm32cube.ide.mcu.externaltools.gnu-tools-for-stm32.7-2018-q2-update.win32_1.0.0.201904181610/tools/bin/../lib/gcc/arm-none-eabi/7.3.1/../../../../arm-none-eabi/lib/thumb/v7e-m/fpv4-sp/hard\libc_nano.a(lib_a-errno.o)
                              Core/Src/syscalls.o (__errno)
c:/st/stm32cubeide_1.0.2/stm32cubeide/plugins/com.st.stm32cube.ide.mcu.externaltools.gnu-tools-for-stm32.7-2018-q2-update.win32_1.0.0.201904181610/tools/bin/../lib/gcc/arm-none-eabi/7.3.1/../../../../arm-none-eabi/lib/thumb/v7e-m/fpv4-sp/hard\libc_nano.a(lib_a-exit.o)
                              c:/st/stm32cubeide_1.0.2/stm32cubeide/plugins/com.st.stm32cube.ide.mcu.externaltools.gnu-tools-for-stm32.7-2018-q2-update.win32_1.0.0.201904181610/tools/bin/../lib/gcc/arm-none-eabi/7.3.1/../../../../arm-none-eabi/lib/thumb/v7e-m/fpv4-sp/hard/crt0.o (exit)
c:/st/stm32cubeide_1.0.2/stm32cubeide/plugins/com.st.stm32cube.ide.mcu.externaltools.gnu-tools-for-stm32.7-2018-q2-update.win32_1.0.0.201904181610/tools/bin/../lib/gcc/arm-none-eabi/7.3.1/../../../../arm-none-eabi/lib/thumb/v7e-m/fpv4-sp/hard\libc_nano.a(lib_a-impure.o)
                              c:/st/stm32cubeide_1.0.2/stm32cubeide/plugins/com.st.stm32cube.ide.mcu.externaltools.gnu-tools-for-stm32.7-2018-q2-update.win32_1.0.0.201904181610/tools/bin/../lib/gcc/arm-none-eabi/7.3.1/../../../../arm-none-eabi/lib/thumb/v7e-m/fpv4-sp/hard\libc_nano.a(lib_a-exit.o) (_global_impure_ptr)
c:/st/stm32cubeide_1.0.2/stm32cubeide/plugins/com.st.stm32cube.ide.mcu.externaltools.gnu-tools-for-stm32.7-2018-q2-update.win32_1.0.0.201904181610/tools/bin/../lib/gcc/arm-none-eabi/7.3.1/../../../../arm-none-eabi/lib/thumb/v7e-m/fpv4-sp/hard\libc_nano.a(lib_a-init.o)
                              c:/st/stm32cubeide_1.0.2/stm32cubeide/plugins/com.st.stm32cube.ide.mcu.externaltools.gnu-tools-for-stm32.7-2018-q2-update.win32_1.0.0.201904181610/tools/bin/../lib/gcc/arm-none-eabi/7.3.1/../../../../arm-none-eabi/lib/thumb/v7e-m/fpv4-sp/hard/crt0.o (__libc_init_array)
c:/st/stm32cubeide_1.0.2/stm32cubeide/plugins/com.st.stm32cube.ide.mcu.externaltools.gnu-tools-for-stm32.7-2018-q2-update.win32_1.0.0.201904181610/tools/bin/../lib/gcc/arm-none-eabi/7.3.1/../../../../arm-none-eabi/lib/thumb/v7e-m/fpv4-sp/hard\libc_nano.a(lib_a-malloc.o)
                              Middlewares/ST/STM32_USB_Host_Library/Class/CDC/Src/usbh_cdc.o (malloc)
c:/st/stm32cubeide_1.0.2/stm32cubeide/plugins/com.st.stm32cube.ide.mcu.externaltools.gnu-tools-for-stm32.7-2018-q2-update.win32_1.0.0.201904181610/tools/bin/../lib/gcc/arm-none-eabi/7.3.1/../../../../arm-none-eabi/lib/thumb/v7e-m/fpv4-sp/hard\libc_nano.a(lib_a-memcpy-stub.o)
                              Drivers/Components/m24sr/m24sr.o (memcpy)
c:/st/stm32cubeide_1.0.2/stm32cubeide/plugins/com.st.stm32cube.ide.mcu.externaltools.gnu-tools-for-stm32.7-2018-q2-update.win32_1.0.0.201904181610/tools/bin/../lib/gcc/arm-none-eabi/7.3.1/../../../../arm-none-eabi/lib/thumb/v7e-m/fpv4-sp/hard\libc_nano.a(lib_a-memset.o)
                              c:/st/stm32cubeide_1.0.2/stm32cubeide/plugins/com.st.stm32cube.ide.mcu.externaltools.gnu-tools-for-stm32.7-2018-q2-update.win32_1.0.0.201904181610/tools/bin/../lib/gcc/arm-none-eabi/7.3.1/../../../../arm-none-eabi/lib/thumb/v7e-m/fpv4-sp/hard/crt0.o (memset)
c:/st/stm32cubeide_1.0.2/stm32cubeide/plugins/com.st.stm32cube.ide.mcu.externaltools.gnu-tools-for-stm32.7-2018-q2-update.win32_1.0.0.201904181610/tools/bin/../lib/gcc/arm-none-eabi/7.3.1/../../../../arm-none-eabi/lib/thumb/v7e-m/fpv4-sp/hard\libc_nano.a(lib_a-nano-freer.o)
                              c:/st/stm32cubeide_1.0.2/stm32cubeide/plugins/com.st.stm32cube.ide.mcu.externaltools.gnu-tools-for-stm32.7-2018-q2-update.win32_1.0.0.201904181610/tools/bin/../lib/gcc/arm-none-eabi/7.3.1/../../../../arm-none-eabi/lib/thumb/v7e-m/fpv4-sp/hard\libc_nano.a(lib_a-malloc.o) (_free_r)
c:/st/stm32cubeide_1.0.2/stm32cubeide/plugins/com.st.stm32cube.ide.mcu.externaltools.gnu-tools-for-stm32.7-2018-q2-update.win32_1.0.0.201904181610/tools/bin/../lib/gcc/arm-none-eabi/7.3.1/../../../../arm-none-eabi/lib/thumb/v7e-m/fpv4-sp/hard\libc_nano.a(lib_a-nano-mallocr.o)
                              c:/st/stm32cubeide_1.0.2/stm32cubeide/plugins/com.st.stm32cube.ide.mcu.externaltools.gnu-tools-for-stm32.7-2018-q2-update.win32_1.0.0.201904181610/tools/bin/../lib/gcc/arm-none-eabi/7.3.1/../../../../arm-none-eabi/lib/thumb/v7e-m/fpv4-sp/hard\libc_nano.a(lib_a-malloc.o) (_malloc_r)
c:/st/stm32cubeide_1.0.2/stm32cubeide/plugins/com.st.stm32cube.ide.mcu.externaltools.gnu-tools-for-stm32.7-2018-q2-update.win32_1.0.0.201904181610/tools/bin/../lib/gcc/arm-none-eabi/7.3.1/../../../../arm-none-eabi/lib/thumb/v7e-m/fpv4-sp/hard\libc_nano.a(lib_a-sbrkr.o)
[...]
Memory Configuration

Name             Origin             Length             Attributes
RAM              0x0000000020000000 0x0000000000018000 xrw
RAM2             0x0000000010000000 0x0000000000008000 xrw
FLASH            0x0000000008000000 0x0000000000100000 xr
*default*        0x0000000000000000 0xffffffffffffffff

Linker script and memory map

LOAD c:/st/stm32cubeide_1.0.2/stm32cubeide/plugins/com.st.stm32cube.ide.mcu.externaltools.gnu-tools-for-stm32.7-2018-q2-update.win32_1.0.0.201904181610/tools/bin/../lib/gcc/arm-none-eabi/7.3.1/thumb/v7e-m/fpv4-sp/hard/crti.o
LOAD c:/st/stm32cubeide_1.0.2/stm32cubeide/plugins/com.st.stm32cube.ide.mcu.externaltools.gnu-tools-for-stm32.7-2018-q2-update.win32_1.0.0.201904181610/tools/bin/../lib/gcc/arm-none-eabi/7.3.1/thumb/v7e-m/fpv4-sp/hard/crtbegin.o
LOAD c:/st/stm32cubeide_1.0.2/stm32cubeide/plugins/com.st.stm32cube.ide.mcu.externaltools.gnu-tools-for-stm32.7-2018-q2-update.win32_1.0.0.201904181610/tools/bin/../lib/gcc/arm-none-eabi/7.3.1/../../../../arm-none-eabi/lib/thumb/v7e-m/fpv4-sp/hard/crt0.o
LOAD Core/Src/clock.o
LOAD Core/Src/display.o
LOAD Core/Src/main.o
LOAD Core/Src/stm32l4xx_hal_msp.o
LOAD Core/Src/stm32l4xx_it.o
LOAD Core/Src/syscalls.o
LOAD Core/Src/sysmem.o
LOAD Core/Src/system_stm32l4xx.o
LOAD Core/Startup/startup_stm32l476vgtx.o
LOAD Drivers/Components/cs42l51/cs42l51.o
LOAD Drivers/Components/cs43l22/cs43l22.o
LOAD Drivers/Components/ft3x67/ft3x67.o
LOAD Drivers/Components/ft5336/ft5336.o
LOAD Drivers/Components/ft6x06/ft6x06.o
LOAD Drivers/Components/hts221/hts221.o
LOAD Drivers/Components/hx8347g/hx8347g.o
LOAD Drivers/Components/hx8347i/hx8347i.o
LOAD Drivers/Components/l3gd20/l3gd20.o
LOAD Drivers/Components/lis3mdl/lis3mdl.o
LOAD Drivers/Components/lps22hb/lps22hb.o
LOAD Drivers/Components/ls016b8uy/ls016b8uy.o
LOAD Drivers/Components/lsm303c/lsm303c.o
LOAD Drivers/Components/lsm303dlhc/lsm303dlhc.o
LOAD Drivers/Components/lsm6dsl/lsm6dsl.o
LOAD Drivers/Components/m24sr/m24sr.o
LOAD Drivers/Components/mfxstm32l152/mfxstm32l152.o
LOAD Drivers/Components/ov9655/ov9655.o
LOAD Drivers/Components/st7735/st7735.o
LOAD Drivers/Components/st7789h2/st7789h2.o
LOAD Drivers/Components/stmpe1600/stmpe1600.o
LOAD Drivers/Components/stmpe811/stmpe811.o
LOAD Drivers/Components/wm8994/wm8994.o
LOAD Drivers/STM32L476G-Discovery/stm32l476g_discovery.o
LOAD Drivers/STM32L476G-Discovery/stm32l476g_discovery_compass.o
LOAD Drivers/STM32L476G-Discovery/stm32l476g_discovery_glass_lcd.o
LOAD Drivers/STM32L476G-Discovery/stm32l476g_discovery_gyroscope.o
LOAD Drivers/STM32L476G-Discovery/stm32l476g_discovery_idd.o
LOAD Drivers/STM32L476G-Discovery/stm32l476g_discovery_qspi.o
LOAD Drivers/STM32L4xx_HAL_Driver/Src/stm32l4xx_hal.o
LOAD Drivers/STM32L4xx_HAL_Driver/Src/stm32l4xx_hal_adc.o
LOAD Drivers/STM32L4xx_HAL_Driver/Src/stm32l4xx_hal_adc_ex.o
LOAD Drivers/STM32L4xx_HAL_Driver/Src/stm32l4xx_hal_cortex.o
LOAD Drivers/STM32L4xx_HAL_Driver/Src/stm32l4xx_hal_dma.o
LOAD Drivers/STM32L4xx_HAL_Driver/Src/stm32l4xx_hal_dma_ex.o
LOAD Drivers/STM32L4xx_HAL_Driver/Src/stm32l4xx_hal_exti.o
LOAD Drivers/STM32L4xx_HAL_Driver/Src/stm32l4xx_hal_flash.o
LOAD Drivers/STM32L4xx_HAL_Driver/Src/stm32l4xx_hal_flash_ex.o
LOAD Drivers/STM32L4xx_HAL_Driver/Src/stm32l4xx_hal_flash_ramfunc.o
LOAD Drivers/STM32L4xx_HAL_Driver/Src/stm32l4xx_hal_gpio.o
LOAD Drivers/STM32L4xx_HAL_Driver/Src/stm32l4xx_hal_hcd.o
LOAD Drivers/STM32L4xx_HAL_Driver/Src/stm32l4xx_hal_i2c.o
LOAD Drivers/STM32L4xx_HAL_Driver/Src/stm32l4xx_hal_i2c_ex.o
LOAD Drivers/STM32L4xx_HAL_Driver/Src/stm32l4xx_hal_lcd.o
LOAD Drivers/STM32L4xx_HAL_Driver/Src/stm32l4xx_hal_pwr.o
LOAD Drivers/STM32L4xx_HAL_Driver/Src/stm32l4xx_hal_pwr_ex.o
LOAD Drivers/STM32L4xx_HAL_Driver/Src/stm32l4xx_hal_qspi.o
LOAD Drivers/STM32L4xx_HAL_Driver/Src/stm32l4xx_hal_rcc.o
LOAD Drivers/STM32L4xx_HAL_Driver/Src/stm32l4xx_hal_rcc_ex.o
LOAD Drivers/STM32L4xx_HAL_Driver/Src/stm32l4xx_hal_sai.o
LOAD Drivers/STM32L4xx_HAL_Driver/Src/stm32l4xx_hal_sai_ex.o
LOAD Drivers/STM32L4xx_HAL_Driver/Src/stm32l4xx_hal_spi.o
LOAD Drivers/STM32L4xx_HAL_Driver/Src/stm32l4xx_hal_spi_ex.o
LOAD Drivers/STM32L4xx_HAL_Driver/Src/stm32l4xx_hal_tim.o
LOAD Drivers/STM32L4xx_HAL_Driver/Src/stm32l4xx_hal_tim_ex.o
LOAD Drivers/STM32L4xx_HAL_Driver/Src/stm32l4xx_hal_uart.o
LOAD Drivers/STM32L4xx_HAL_Driver/Src/stm32l4xx_hal_uart_ex.o
LOAD Drivers/STM32L4xx_HAL_Driver/Src/stm32l4xx_ll_usb.o
LOAD Middlewares/ST/STM32_USB_Host_Library/Class/CDC/Src/usbh_cdc.o
LOAD Middlewares/ST/STM32_USB_Host_Library/Core/Src/usbh_core.o
LOAD Middlewares/ST/STM32_USB_Host_Library/Core/Src/usbh_ctlreq.o
LOAD Middlewares/ST/STM32_USB_Host_Library/Core/Src/usbh_ioreq.o
LOAD Middlewares/ST/STM32_USB_Host_Library/Core/Src/usbh_pipes.o
LOAD USB_HOST/App/usb_host.o
LOAD USB_HOST/Target/usbh_conf.o
LOAD USB_HOST/Target/usbh_platform.o
START GROUP
LOAD c:/st/stm32cubeide_1.0.2/stm32cubeide/plugins/com.st.stm32cube.ide.mcu.externaltools.gnu-tools-for-stm32.7-2018-q2-update.win32_1.0.0.201904181610/tools/bin/../lib/gcc/arm-none-eabi/7.3.1/../../../../arm-none-eabi/lib/thumb/v7e-m/fpv4-sp/hard\libc_nano.a
LOAD c:/st/stm32cubeide_1.0.2/stm32cubeide/plugins/com.st.stm32cube.ide.mcu.externaltools.gnu-tools-for-stm32.7-2018-q2-update.win32_1.0.0.201904181610/tools/bin/../lib/gcc/arm-none-eabi/7.3.1/../../../../arm-none-eabi/lib/thumb/v7e-m/fpv4-sp/hard\libm.a
END GROUP
START GROUP
LOAD c:/st/stm32cubeide_1.0.2/stm32cubeide/plugins/com.st.stm32cube.ide.mcu.externaltools.gnu-tools-for-stm32.7-2018-q2-update.win32_1.0.0.201904181610/tools/bin/../lib/gcc/arm-none-eabi/7.3.1/thumb/v7e-m/fpv4-sp/hard\libgcc.a
LOAD c:/st/stm32cubeide_1.0.2/stm32cubeide/plugins/com.st.stm32cube.ide.mcu.externaltools.gnu-tools-for-stm32.7-2018-q2-update.win32_1.0.0.201904181610/tools/bin/../lib/gcc/arm-none-eabi/7.3.1/../../../../arm-none-eabi/lib/thumb/v7e-m/fpv4-sp/hard\libc_nano.a
END GROUP
START GROUP
LOAD c:/st/stm32cubeide_1.0.2/stm32cubeide/plugins/com.st.stm32cube.ide.mcu.externaltools.gnu-tools-for-stm32.7-2018-q2-update.win32_1.0.0.201904181610/tools/bin/../lib/gcc/arm-none-eabi/7.3.1/thumb/v7e-m/fpv4-sp/hard\libgcc.a
LOAD c:/st/stm32cubeide_1.0.2/stm32cubeide/plugins/com.st.stm32cube.ide.mcu.externaltools.gnu-tools-for-stm32.7-2018-q2-update.win32_1.0.0.201904181610/tools/bin/../lib/gcc/arm-none-eabi/7.3.1/../../../../arm-none-eabi/lib/thumb/v7e-m/fpv4-sp/hard\libc_nano.a
LOAD c:/st/stm32cubeide_1.0.2/stm32cubeide/plugins/com.st.stm32cube.ide.mcu.externaltools.gnu-tools-for-stm32.7-2018-q2-update.win32_1.0.0.201904181610/tools/bin/../lib/gcc/arm-none-eabi/7.3.1/../../../../arm-none-eabi/lib/thumb/v7e-m/fpv4-sp/hard\libnosys.a
END GROUP
START GROUP
LOAD c:/st/stm32cubeide_1.0.2/stm32cubeide/plugins/com.st.stm32cube.ide.mcu.externaltools.gnu-tools-for-stm32.7-2018-q2-update.win32_1.0.0.201904181610/tools/bin/../lib/gcc/arm-none-eabi/7.3.1/thumb/v7e-m/fpv4-sp/hard\libgcc.a
LOAD c:/st/stm32cubeide_1.0.2/stm32cubeide/plugins/com.st.stm32cube.ide.mcu.externaltools.gnu-tools-for-stm32.7-2018-q2-update.win32_1.0.0.201904181610/tools/bin/../lib/gcc/arm-none-eabi/7.3.1/../../../../arm-none-eabi/lib/thumb/v7e-m/fpv4-sp/hard\libc_nano.a
LOAD c:/st/stm32cubeide_1.0.2/stm32cubeide/plugins/com.st.stm32cube.ide.mcu.externaltools.gnu-tools-for-stm32.7-2018-q2-update.win32_1.0.0.201904181610/tools/bin/../lib/gcc/arm-none-eabi/7.3.1/../../../../arm-none-eabi/lib/thumb/v7e-m/fpv4-sp/hard\libnosys.a
END GROUP
LOAD c:/st/stm32cubeide_1.0.2/stm32cubeide/plugins/com.st.stm32cube.ide.mcu.externaltools.gnu-tools-for-stm32.7-2018-q2-update.win32_1.0.0.201904181610/tools/bin/../lib/gcc/arm-none-eabi/7.3.1/thumb/v7e-m/fpv4-sp/hard/crtend.o
LOAD c:/st/stm32cubeide_1.0.2/stm32cubeide/plugins/com.st.stm32cube.ide.mcu.externaltools.gnu-tools-for-stm32.7-2018-q2-update.win32_1.0.0.201904181610/tools/bin/../lib/gcc/arm-none-eabi/7.3.1/thumb/v7e-m/fpv4-sp/hard/crtn.o
                0x0000000020018000                _estack = (ORIGIN (RAM) + LENGTH (RAM))
                0x0000000000000200                _Min_Heap_Size = 0x200
                0x0000000000000400                _Min_Stack_Size = 0x400

.isr_vector     0x0000000008000000      0x188
                0x0000000008000000                . = ALIGN (0x4)
 *(.isr_vector)
 .isr_vector    0x0000000008000000      0x188 Core/Startup/startup_stm32l476vgtx.o
                0x0000000008000000                g_pfnVectors
                0x0000000008000188                . = ALIGN (0x4)

.text           0x0000000008000188     0xc928
                0x0000000008000188                . = ALIGN (0x4)
 *(.text)
 .text          0x0000000008000188       0x40 c:/st/stm32cubeide_1.0.2/stm32cubeide/plugins/com.st.stm32cube.ide.mcu.externaltools.gnu-tools-for-stm32.7-2018-q2-update.win32_1.0.0.201904181610/tools/bin/../lib/gcc/arm-none-eabi/7.3.1/thumb/v7e-m/fpv4-sp/hard/crtbegin.o
 .text          0x00000000080001c8      0x378 c:/st/stm32cubeide_1.0.2/stm32cubeide/plugins/com.st.stm32cube.ide.mcu.externaltools.gnu-tools-for-stm32.7-2018-q2-update.win32_1.0.0.201904181610/tools/bin/../lib/gcc/arm-none-eabi/7.3.1/thumb/v7e-m/fpv4-sp/hard\libgcc.a(_arm_addsubdf3.o)
                0x00000000080001c8                __aeabi_drsub
                0x00000000080001d0                __aeabi_dsub
                0x00000000080001d0                __subdf3
                0x00000000080001d4                __aeabi_dadd
                0x00000000080001d4                __adddf3
                0x000000000800044c                __floatunsidf
                0x000000000800044c                __aeabi_ui2d
                0x000000000800046c                __floatsidf
                0x000000000800046c                __aeabi_i2d
                0x0000000008000490                __aeabi_f2d
                0x0000000008000490                __extendsfdf2
                0x00000000080004d4                __floatundidf
                0x00000000080004d4                __aeabi_ul2d
                0x00000000080004e4                __floatdidf
                0x00000000080004e4                __aeabi_l2d
 .text          0x0000000008000540      0x424 c:/st/stm32cubeide_1.0.2/stm32cubeide/plugins/com.st.stm32cube.ide.mcu.externaltools.gnu-tools-for-stm32.7-2018-q2-update.win32_1.0.0.201904181610/tools/bin/../lib/gcc/arm-none-eabi/7.3.1/thumb/v7e-m/fpv4-sp/hard\libgcc.a(_arm_muldivdf3.o)
                0x0000000008000540                __aeabi_dmul
                0x0000000008000540                __muldf3
                0x0000000008000794                __divdf3
                0x0000000008000794                __aeabi_ddiv
 .text          0x0000000008000964      0x110 c:/st/stm32cubeide_1.0.2/stm32cubeide/plugins/com.st.stm32cube.ide.mcu.externaltools.gnu-tools-for-stm32.7-2018-q2-update.win32_1.0.0.201904181610/tools/bin/../lib/gcc/arm-none-eabi/7.3.1/thumb/v7e-m/fpv4-sp/hard\libgcc.a(_arm_cmpdf2.o)
                0x0000000008000964                __gtdf2
                0x0000000008000964                __gedf2
                0x000000000800096c                __ltdf2
                0x000000000800096c                __ledf2
                0x0000000008000974                __nedf2
                0x0000000008000974                __eqdf2
                0x0000000008000974                __cmpdf2
                0x00000000080009f0                __aeabi_cdrcmple
                0x0000000008000a00                __aeabi_cdcmpeq
                0x0000000008000a00                __aeabi_cdcmple
                0x0000000008000a10                __aeabi_dcmpeq
                0x0000000008000a24                __aeabi_dcmplt
                0x0000000008000a38                __aeabi_dcmple
                0x0000000008000a4c                __aeabi_dcmpge
                0x0000000008000a60                __aeabi_dcmpgt
 .text          0x0000000008000a74       0x50 c:/st/stm32cubeide_1.0.2/stm32cubeide/plugins/com.st.stm32cube.ide.mcu.externaltools.gnu-tools-for-stm32.7-2018-q2-update.win32_1.0.0.201904181610/tools/bin/../lib/gcc/arm-none-eabi/7.3.1/thumb/v7e-m/fpv4-sp/hard\libgcc.a(_arm_fixdfsi.o)
                0x0000000008000a74                __aeabi_d2iz
                0x0000000008000a74                __fixdfsi
 .text          0x0000000008000ac4       0x30 c:/st/stm32cubeide_1.0.2/stm32cubeide/plugins/com.st.stm32cube.ide.mcu.externaltools.gnu-tools-for-stm32.7-2018-q2-update.win32_1.0.0.201904181610/tools/bin/../lib/gcc/arm-none-eabi/7.3.1/thumb/v7e-m/fpv4-sp/hard\libgcc.a(_aeabi_uldivmod.o)
                0x0000000008000ac4                __aeabi_uldivmod
 .text          0x0000000008000af4      0x2cc c:/st/stm32cubeide_1.0.2/stm32cubeide/plugins/com.st.stm32cube.ide.mcu.externaltools.gnu-tools-for-stm32.7-2018-q2-update.win32_1.0.0.201904181610/tools/bin/../lib/gcc/arm-none-eabi/7.3.1/thumb/v7e-m/fpv4-sp/hard\libgcc.a(_udivmoddi4.o)
                0x0000000008000af4                __udivmoddi4
 .text          0x0000000008000dc0        0x4 c:/st/stm32cubeide_1.0.2/stm32cubeide/plugins/com.st.stm32cube.ide.mcu.externaltools.gnu-tools-for-stm32.7-2018-q2-update.win32_1.0.0.201904181610/tools/bin/../lib/gcc/arm-none-eabi/7.3.1/thumb/v7e-m/fpv4-sp/hard\libgcc.a(_dvmd_tls.o)
                0x0000000008000dc0                __aeabi_idiv0
                0x0000000008000dc0                __aeabi_ldiv0
 *(.text*)
 .text.setFastClockConfig
                0x0000000008000dc4       0xd0 Core/Src/clock.o
                0x0000000008000dc4                setFastClockConfig
 .text.LCDinit  0x0000000008000e94       0x30 Core/Src/display.o
                0x0000000008000e94                LCDinit
 *fill*         0x0000000008000ec4        0x4 
 .text.ValueDisplay
                0x0000000008000ec8      0x3ec Core/Src/display.o
                0x0000000008000ec8                ValueDisplay
 .text.main     0x00000000080012b4       0x78 Core/Src/main.o
                0x00000000080012b4                main
 .text.SystemClock_Config
                0x000000000800132c      0x158 Core/Src/main.o
                0x000000000800132c                SystemClock_Config
 .text.MX_ADC1_Init
                0x0000000008001484       0xec Core/Src/main.o
 .text.MX_I2C2_Init
                0x0000000008001570       0x80 Core/Src/main.o
 .text.MX_LCD_Init
                0x00000000080015f0       0x70 Core/Src/main.o
 .text.MX_QUADSPI_Init
                0x0000000008001660       0x4c Core/Src/main.o
 .text.MX_SAI1_Init
                0x00000000080016ac      0x150 Core/Src/main.o
 .text.MX_SPI2_Init
                0x00000000080017fc       0x7c Core/Src/main.o
 .text.MX_TIM4_Init
                0x0000000008001878      0x104 Core/Src/main.o
 .text.MX_USART2_UART_Init
                0x000000000800197c       0x60 Core/Src/main.o
 .text.MX_GPIO_Init
                0x00000000080019dc      0x2ec Core/Src/main.o
 .text.initializeLEDS
                0x0000000008001cc8       0x7c Core/Src/main.o
                0x0000000008001cc8                initializeLEDS
 .text.TIM4_IRQHandler
                0x0000000008001d44       0x44 Core/Src/main.o
                0x0000000008001d44                TIM4_IRQHandler
 .text.EXTI9_5_IRQHandler_Config
                0x0000000008001d88       0x58 Core/Src/main.o
 .text.HAL_GPIO_EXTI_Callback
                0x0000000008001de0       0x40 Core/Src/main.o
                0x0000000008001de0                HAL_GPIO_EXTI_Callback
 .text.Error_Handler
                0x0000000008001e20        0xe Core/Src/main.o
                0x0000000008001e20                Error_Handler
 *fill*         0x0000000008001e2e        0x2 
 .text.HAL_MspInit
                0x0000000008001e30       0x48 Core/Src/stm32l4xx_hal_msp.o
                0x0000000008001e30                HAL_MspInit
 .text.HAL_ADC_MspInit
                0x0000000008001e78       0x80 Core/Src/stm32l4xx_hal_msp.o
                0x0000000008001e78                HAL_ADC_MspInit
 .text.HAL_I2C_MspInit
                0x0000000008001ef8       0x88 Core/Src/stm32l4xx_hal_msp.o
                0x0000000008001ef8                HAL_I2C_MspInit
 .text.HAL_LCD_MspInit
                0x0000000008001f80      0x144 Core/Src/stm32l4xx_hal_msp.o
                0x0000000008001f80                HAL_LCD_MspInit
 .text.HAL_QSPI_MspInit
                0x00000000080020c4       0x88 Core/Src/stm32l4xx_hal_msp.o
                0x00000000080020c4                HAL_QSPI_MspInit
 .text.HAL_SPI_MspInit
                0x000000000800214c       0x88 Core/Src/stm32l4xx_hal_msp.o
                0x000000000800214c                HAL_SPI_MspInit
 .text.HAL_TIM_Base_MspInit
                0x00000000080021d4       0x40 Core/Src/stm32l4xx_hal_msp.o
                0x00000000080021d4                HAL_TIM_Base_MspInit
 .text.HAL_UART_MspInit
                0x0000000008002214       0x88 Core/Src/stm32l4xx_hal_msp.o
                0x0000000008002214                HAL_UART_MspInit
 .text.HAL_SAI_MspInit
                0x000000000800229c       0xf0 Core/Src/stm32l4xx_hal_msp.o
                0x000000000800229c                HAL_SAI_MspInit
 .text.NMI_Handler
                0x000000000800238c        0xe Core/Src/stm32l4xx_it.o
                0x000000000800238c                NMI_Handler
 .text.HardFault_Handler
                0x000000000800239a        0x6 Core/Src/stm32l4xx_it.o
                0x000000000800239a                HardFault_Handler
 .text.MemManage_Handler
                0x00000000080023a0        0x6 Core/Src/stm32l4xx_it.o
                0x00000000080023a0                MemManage_Handler
 .text.BusFault_Handler
                0x00000000080023a6        0x6 Core/Src/stm32l4xx_it.o
                0x00000000080023a6                BusFault_Handler
 .text.UsageFault_Handler
                0x00000000080023ac        0x6 Core/Src/stm32l4xx_it.o
                0x00000000080023ac                UsageFault_Handler
 .text.SVC_Handler
                0x00000000080023b2        0xe Core/Src/stm32l4xx_it.o
                0x00000000080023b2                SVC_Handler
 .text.DebugMon_Handler
                0x00000000080023c0        0xe Core/Src/stm32l4xx_it.o
                0x00000000080023c0                DebugMon_Handler
 .text.PendSV_Handler
                0x00000000080023ce        0xe Core/Src/stm32l4xx_it.o
                0x00000000080023ce                PendSV_Handler
 .text.SysTick_Handler
                0x00000000080023dc        0xc Core/Src/stm32l4xx_it.o
                0x00000000080023dc                SysTick_Handler
 .text.EXTI0_IRQHandler
                0x00000000080023e8        0xe Core/Src/stm32l4xx_it.o
                0x00000000080023e8                EXTI0_IRQHandler
 .text.EXTI9_5_IRQHandler
                0x00000000080023f6        0xe Core/Src/stm32l4xx_it.o
                0x00000000080023f6                EXTI9_5_IRQHandler
 .text.OTG_FS_IRQHandler
                0x0000000008002404       0x14 Core/Src/stm32l4xx_it.o
                0x0000000008002404                OTG_FS_IRQHandler
 .text._sbrk    0x0000000008002418       0x58 Core/Src/sysmem.o
                0x0000000008002418                _sbrk
 .text.SystemInit
                0x0000000008002470       0x6c Core/Src/system_stm32l4xx.o
                0x0000000008002470                SystemInit
 .text.Reset_Handler
                0x00000000080024dc       0x50 Core/Startup/startup_stm32l476vgtx.o
                0x00000000080024dc                Reset_Handler
 .text.Default_Handler
                0x000000000800252c        0x2 Core/Startup/startup_stm32l476vgtx.o
                0x000000000800252c                RTC_Alarm_IRQHandler
                0x000000000800252c                EXTI2_IRQHandler
                0x000000000800252c                TIM8_TRG_COM_IRQHandler
                0x000000000800252c                TIM8_CC_IRQHandler
                0x000000000800252c                TIM1_CC_IRQHandler
                0x000000000800252c                TSC_IRQHandler
                0x000000000800252c                TAMP_STAMP_IRQHandler
                0x000000000800252c                EXTI3_IRQHandler
                0x000000000800252c                LPTIM2_IRQHandler
                0x000000000800252c                DFSDM1_FLT1_IRQHandler
                0x000000000800252c                I2C3_ER_IRQHandler
                0x000000000800252c                DFSDM1_FLT2_IRQHandler
                0x000000000800252c                I2C2_EV_IRQHandler
                0x000000000800252c                CAN1_RX0_IRQHandler
                0x000000000800252c                FPU_IRQHandler
                0x000000000800252c                TIM1_UP_TIM16_IRQHandler
                0x000000000800252c                ADC1_2_IRQHandler
                0x000000000800252c                SPI1_IRQHandler
                0x000000000800252c                TIM6_DAC_IRQHandler
                0x000000000800252c                TIM8_UP_IRQHandler
                0x000000000800252c                DMA2_Channel2_IRQHandler
                0x000000000800252c                DMA1_Channel4_IRQHandler
                0x000000000800252c                SAI2_IRQHandler
                0x000000000800252c                DFSDM1_FLT3_IRQHandler
                0x000000000800252c                USART3_IRQHandler
                0x000000000800252c                DMA1_Channel7_IRQHandler
                0x000000000800252c                CAN1_RX1_IRQHandler
                0x000000000800252c                LCD_IRQHandler
                0x000000000800252c                UART5_IRQHandler
                0x000000000800252c                ADC3_IRQHandler
                0x000000000800252c                DMA2_Channel1_IRQHandler
                0x000000000800252c                QUADSPI_IRQHandler
                0x000000000800252c                I2C1_EV_IRQHandler
                0x000000000800252c                DMA1_Channel6_IRQHandler
                0x000000000800252c                UART4_IRQHandler
                0x000000000800252c                DMA2_Channel4_IRQHandler
                0x000000000800252c                TIM3_IRQHandler
                0x000000000800252c                RCC_IRQHandler
                0x000000000800252c                DMA1_Channel1_IRQHandler
                0x000000000800252c                Default_Handler
                0x000000000800252c                DMA2_Channel7_IRQHandler
                0x000000000800252c                EXTI15_10_IRQHandler
                0x000000000800252c                TIM7_IRQHandler
                0x000000000800252c                SDMMC1_IRQHandler
                0x000000000800252c                TIM5_IRQHandler
                0x000000000800252c                I2C3_EV_IRQHandler
                0x000000000800252c                RTC_WKUP_IRQHandler
                0x000000000800252c                PVD_PVM_IRQHandler
                0x000000000800252c                SPI2_IRQHandler
                0x000000000800252c                CAN1_TX_IRQHandler
                0x000000000800252c                DMA2_Channel5_IRQHandler
                0x000000000800252c                DMA1_Channel5_IRQHandler
                0x000000000800252c                EXTI4_IRQHandler
                0x000000000800252c                RNG_IRQHandler
                0x000000000800252c                TIM1_TRG_COM_TIM17_IRQHandler
                0x000000000800252c                DMA1_Channel3_IRQHandler
                0x000000000800252c                COMP_IRQHandler
                0x000000000800252c                WWDG_IRQHandler
                0x000000000800252c                LPUART1_IRQHandler
                0x000000000800252c                DMA2_Channel6_IRQHandler
                0x000000000800252c                TIM2_IRQHandler
                0x000000000800252c                EXTI1_IRQHandler
                0x000000000800252c                USART2_IRQHandler
                0x000000000800252c                DFSDM1_FLT0_IRQHandler
                0x000000000800252c                I2C2_ER_IRQHandler
                0x000000000800252c                DMA1_Channel2_IRQHandler
                0x000000000800252c                TIM8_BRK_IRQHandler
                0x000000000800252c                CAN1_SCE_IRQHandler
                0x000000000800252c                FLASH_IRQHandler
                0x000000000800252c                USART1_IRQHandler
                0x000000000800252c                SPI3_IRQHandler
                0x000000000800252c                I2C1_ER_IRQHandler
                0x000000000800252c                FMC_IRQHandler
                0x000000000800252c                SWPMI1_IRQHandler
                0x000000000800252c                LPTIM1_IRQHandler
                0x000000000800252c                SAI1_IRQHandler
                0x000000000800252c                DMA2_Channel3_IRQHandler
                0x000000000800252c                TIM1_BRK_TIM15_IRQHandler
 *fill*         0x000000000800252e        0x2 
 .text.BSP_JOY_Init
                0x0000000008002530      0x168 Drivers/STM32L476G-Discovery/stm32l476g_discovery.o
                0x0000000008002530                BSP_JOY_Init
 .text.BSP_LCD_GLASS_Init
                0x0000000008002698       0x74 Drivers/STM32L476G-Discovery/stm32l476g_discovery_glass_lcd.o
                0x0000000008002698                BSP_LCD_GLASS_Init
 .text.BSP_LCD_GLASS_DisplayString
                0x000000000800270c       0x48 Drivers/STM32L476G-Discovery/stm32l476g_discovery_glass_lcd.o
                0x000000000800270c                BSP_LCD_GLASS_DisplayString
 .text.BSP_LCD_GLASS_Clear
                0x0000000008002754       0x14 Drivers/STM32L476G-Discovery/stm32l476g_discovery_glass_lcd.o
                0x0000000008002754                BSP_LCD_GLASS_Clear
 .text.LCD_MspInit
                0x0000000008002768      0x18c Drivers/STM32L476G-Discovery/stm32l476g_discovery_glass_lcd.o
 .text.Convert  0x00000000080028f4      0x194 Drivers/STM32L476G-Discovery/stm32l476g_discovery_glass_lcd.o
 .text.WriteChar
                0x0000000008002a88      0x700 Drivers/STM32L476G-Discovery/stm32l476g_discovery_glass_lcd.o
 .text.HAL_Init
                0x0000000008003188       0x40 Drivers/STM32L4xx_HAL_Driver/Src/stm32l4xx_hal.o
                0x0000000008003188                HAL_Init
 .text.HAL_InitTick
                0x00000000080031c8       0x74 Drivers/STM32L4xx_HAL_Driver/Src/stm32l4xx_hal.o
                0x00000000080031c8                HAL_InitTick
 .text.HAL_IncTick
                0x000000000800323c       0x24 Drivers/STM32L4xx_HAL_Driver/Src/stm32l4xx_hal.o
                0x000000000800323c                HAL_IncTick
 .text.HAL_GetTick
                0x0000000008003260       0x18 Drivers/STM32L4xx_HAL_Driver/Src/stm32l4xx_hal.o
                0x0000000008003260                HAL_GetTick
 .text.HAL_Delay
                0x0000000008003278       0x44 Drivers/STM32L4xx_HAL_Driver/Src/stm32l4xx_hal.o
                0x0000000008003278                HAL_Delay
 .text.LL_ADC_SetCommonClock
                0x00000000080032bc       0x26 Drivers/STM32L4xx_HAL_Driver/Src/stm32l4xx_hal_adc.o
 .text.LL_ADC_SetCommonPathInternalCh
                0x00000000080032e2       0x26 Drivers/STM32L4xx_HAL_Driver/Src/stm32l4xx_hal_adc.o
 .text.LL_ADC_GetCommonPathInternalCh
                0x0000000008003308       0x1c Drivers/STM32L4xx_HAL_Driver/Src/stm32l4xx_hal_adc.o
 .text.LL_ADC_SetOffset
                0x0000000008003324       0x44 Drivers/STM32L4xx_HAL_Driver/Src/stm32l4xx_hal_adc.o
 .text.LL_ADC_GetOffsetChannel
                0x0000000008003368       0x28 Drivers/STM32L4xx_HAL_Driver/Src/stm32l4xx_hal_adc.o
 .text.LL_ADC_SetOffsetState
                0x0000000008003390       0x30 Drivers/STM32L4xx_HAL_Driver/Src/stm32l4xx_hal_adc.o
 .text.LL_ADC_REG_SetSequencerRanks
                0x00000000080033c0       0x52 Drivers/STM32L4xx_HAL_Driver/Src/stm32l4xx_hal_adc.o
 .text.LL_ADC_SetChannelSamplingTime
                0x0000000008003412       0x50 Drivers/STM32L4xx_HAL_Driver/Src/stm32l4xx_hal_adc.o
 *fill*         0x0000000008003462        0x2 
 .text.LL_ADC_SetChannelSingleDiff
                0x0000000008003464       0x48 Drivers/STM32L4xx_HAL_Driver/Src/stm32l4xx_hal_adc.o
 .text.LL_ADC_DisableDeepPowerDown
                0x00000000080034ac       0x24 Drivers/STM32L4xx_HAL_Driver/Src/stm32l4xx_hal_adc.o
 .text.LL_ADC_IsDeepPowerDownEnabled
                0x00000000080034d0       0x28 Drivers/STM32L4xx_HAL_Driver/Src/stm32l4xx_hal_adc.o
 .text.LL_ADC_EnableInternalRegulator
                0x00000000080034f8       0x28 Drivers/STM32L4xx_HAL_Driver/Src/stm32l4xx_hal_adc.o
 .text.LL_ADC_IsInternalRegulatorEnabled
                0x0000000008003520       0x28 Drivers/STM32L4xx_HAL_Driver/Src/stm32l4xx_hal_adc.o
 .text.LL_ADC_IsEnabled
                0x0000000008003548       0x26 Drivers/STM32L4xx_HAL_Driver/Src/stm32l4xx_hal_adc.o
 .text.LL_ADC_REG_IsConversionOngoing
                0x000000000800356e       0x26 Drivers/STM32L4xx_HAL_Driver/Src/stm32l4xx_hal_adc.o
 .text.LL_ADC_INJ_IsConversionOngoing
                0x0000000008003594       0x26 Drivers/STM32L4xx_HAL_Driver/Src/stm32l4xx_hal_adc.o
 *fill*         0x00000000080035ba        0x2 
 .text.HAL_ADC_Init
                0x00000000080035bc      0x2a8 Drivers/STM32L4xx_HAL_Driver/Src/stm32l4xx_hal_adc.o
                0x00000000080035bc                HAL_ADC_Init
 .text.HAL_ADC_ConfigChannel
                0x0000000008003864      0x6c8 Drivers/STM32L4xx_HAL_Driver/Src/stm32l4xx_hal_adc.o
                0x0000000008003864                HAL_ADC_ConfigChannel
 .text.LL_ADC_IsEnabled
                0x0000000008003f2c       0x26 Drivers/STM32L4xx_HAL_Driver/Src/stm32l4xx_hal_adc_ex.o
 .text.LL_ADC_REG_IsConversionOngoing
                0x0000000008003f52       0x26 Drivers/STM32L4xx_HAL_Driver/Src/stm32l4xx_hal_adc_ex.o
 .text.HAL_ADCEx_MultiModeConfigChannel
                0x0000000008003f78      0x158 Drivers/STM32L4xx_HAL_Driver/Src/stm32l4xx_hal_adc_ex.o
                0x0000000008003f78                HAL_ADCEx_MultiModeConfigChannel
 .text.__NVIC_SetPriorityGrouping
                0x00000000080040d0       0x48 Drivers/STM32L4xx_HAL_Driver/Src/stm32l4xx_hal_cortex.o
 .text.__NVIC_GetPriorityGrouping
                0x0000000008004118       0x1c Drivers/STM32L4xx_HAL_Driver/Src/stm32l4xx_hal_cortex.o
 .text.__NVIC_EnableIRQ
                0x0000000008004134       0x3c Drivers/STM32L4xx_HAL_Driver/Src/stm32l4xx_hal_cortex.o
 .text.__NVIC_SetPriority
                0x0000000008004170       0x54 Drivers/STM32L4xx_HAL_Driver/Src/stm32l4xx_hal_cortex.o
 .text.NVIC_EncodePriority
                0x00000000080041c4       0x66 Drivers/STM32L4xx_HAL_Driver/Src/stm32l4xx_hal_cortex.o
 *fill*         0x000000000800422a        0x2 
 .text.SysTick_Config
                0x000000000800422c       0x44 Drivers/STM32L4xx_HAL_Driver/Src/stm32l4xx_hal_cortex.o
 .text.HAL_NVIC_SetPriorityGrouping
                0x0000000008004270       0x16 Drivers/STM32L4xx_HAL_Driver/Src/stm32l4xx_hal_cortex.o
                0x0000000008004270                HAL_NVIC_SetPriorityGrouping
 .text.HAL_NVIC_SetPriority
                0x0000000008004286       0x38 Drivers/STM32L4xx_HAL_Driver/Src/stm32l4xx_hal_cortex.o
                0x0000000008004286                HAL_NVIC_SetPriority
 .text.HAL_NVIC_EnableIRQ
                0x00000000080042be       0x1c Drivers/STM32L4xx_HAL_Driver/Src/stm32l4xx_hal_cortex.o
                0x00000000080042be                HAL_NVIC_EnableIRQ
 .text.HAL_SYSTICK_Config
                0x00000000080042da       0x18 Drivers/STM32L4xx_HAL_Driver/Src/stm32l4xx_hal_cortex.o
                0x00000000080042da                HAL_SYSTICK_Config
 *fill*         0x00000000080042f2        0x2 
 .text.HAL_GPIO_Init
                0x00000000080042f4      0x350 Drivers/STM32L4xx_HAL_Driver/Src/stm32l4xx_hal_gpio.o
                0x00000000080042f4                HAL_GPIO_Init
 .text.HAL_GPIO_WritePin
                0x0000000008004644       0x30 Drivers/STM32L4xx_HAL_Driver/Src/stm32l4xx_hal_gpio.o
                0x0000000008004644                HAL_GPIO_WritePin
 .text.HAL_GPIO_TogglePin
                0x0000000008004674       0x32 Drivers/STM32L4xx_HAL_Driver/Src/stm32l4xx_hal_gpio.o
                0x0000000008004674                HAL_GPIO_TogglePin
 *fill*         0x00000000080046a6        0x2 
 .text.HAL_GPIO_EXTI_IRQHandler
                0x00000000080046a8       0x30 Drivers/STM32L4xx_HAL_Driver/Src/stm32l4xx_hal_gpio.o
                0x00000000080046a8                HAL_GPIO_EXTI_IRQHandler
 .text.HAL_HCD_Init
                0x00000000080046d8       0xc4 Drivers/STM32L4xx_HAL_Driver/Src/stm32l4xx_hal_hcd.o
                0x00000000080046d8                HAL_HCD_Init
 .text.HAL_HCD_HC_Init
                0x000000000800479c      0x130 Drivers/STM32L4xx_HAL_Driver/Src/stm32l4xx_hal_hcd.o
                0x000000000800479c                HAL_HCD_HC_Init
 .text.HAL_HCD_HC_Halt
                0x00000000080048cc       0x46 Drivers/STM32L4xx_HAL_Driver/Src/stm32l4xx_hal_hcd.o
                0x00000000080048cc                HAL_HCD_HC_Halt
 *fill*         0x0000000008004912        0x2 
 .text.HAL_HCD_HC_SubmitRequest
                0x0000000008004914      0x2c8 Drivers/STM32L4xx_HAL_Driver/Src/stm32l4xx_hal_hcd.o
                0x0000000008004914                HAL_HCD_HC_SubmitRequest
 .text.HAL_HCD_IRQHandler
                0x0000000008004bdc      0x20c Drivers/STM32L4xx_HAL_Driver/Src/stm32l4xx_hal_hcd.o
                0x0000000008004bdc                HAL_HCD_IRQHandler
 .text.HAL_HCD_Start
                0x0000000008004de8       0x46 Drivers/STM32L4xx_HAL_Driver/Src/stm32l4xx_hal_hcd.o
                0x0000000008004de8                HAL_HCD_Start
 .text.HAL_HCD_Stop
                0x0000000008004e2e       0x3a Drivers/STM32L4xx_HAL_Driver/Src/stm32l4xx_hal_hcd.o
                0x0000000008004e2e                HAL_HCD_Stop
 .text.HAL_HCD_ResetPort
                0x0000000008004e68       0x1c Drivers/STM32L4xx_HAL_Driver/Src/stm32l4xx_hal_hcd.o
                0x0000000008004e68                HAL_HCD_ResetPort
 .text.HAL_HCD_HC_GetURBState
                0x0000000008004e84       0x2a Drivers/STM32L4xx_HAL_Driver/Src/stm32l4xx_hal_hcd.o
                0x0000000008004e84                HAL_HCD_HC_GetURBState
 .text.HAL_HCD_HC_GetXferCount
                0x0000000008004eae       0x2a Drivers/STM32L4xx_HAL_Driver/Src/stm32l4xx_hal_hcd.o
                0x0000000008004eae                HAL_HCD_HC_GetXferCount
 .text.HAL_HCD_GetCurrentFrame
                0x0000000008004ed8       0x1c Drivers/STM32L4xx_HAL_Driver/Src/stm32l4xx_hal_hcd.o
                0x0000000008004ed8                HAL_HCD_GetCurrentFrame
 .text.HAL_HCD_GetCurrentSpeed
                0x0000000008004ef4       0x1c Drivers/STM32L4xx_HAL_Driver/Src/stm32l4xx_hal_hcd.o
                0x0000000008004ef4                HAL_HCD_GetCurrentSpeed
 .text.HCD_HC_IN_IRQHandler
                0x0000000008004f10      0x6e6 Drivers/STM32L4xx_HAL_Driver/Src/stm32l4xx_hal_hcd.o
 .text.HCD_HC_OUT_IRQHandler
                0x00000000080055f6      0x6aa Drivers/STM32L4xx_HAL_Driver/Src/stm32l4xx_hal_hcd.o
 .text.HCD_RXQLVL_IRQHandler
                0x0000000008005ca0      0x158 Drivers/STM32L4xx_HAL_Driver/Src/stm32l4xx_hal_hcd.o
 .text.HCD_Port_IRQHandler
                0x0000000008005df8      0x120 Drivers/STM32L4xx_HAL_Driver/Src/stm32l4xx_hal_hcd.o
 .text.HAL_I2C_Init
                0x0000000008005f18      0x11e Drivers/STM32L4xx_HAL_Driver/Src/stm32l4xx_hal_i2c.o
                0x0000000008005f18                HAL_I2C_Init
 .text.HAL_I2CEx_ConfigAnalogFilter
                0x0000000008006036       0x96 Drivers/STM32L4xx_HAL_Driver/Src/stm32l4xx_hal_i2c_ex.o
                0x0000000008006036                HAL_I2CEx_ConfigAnalogFilter
 .text.HAL_I2CEx_ConfigDigitalFilter
                0x00000000080060cc       0x98 Drivers/STM32L4xx_HAL_Driver/Src/stm32l4xx_hal_i2c_ex.o
                0x00000000080060cc                HAL_I2CEx_ConfigDigitalFilter
 .text.HAL_LCD_Init
                0x0000000008006164      0x180 Drivers/STM32L4xx_HAL_Driver/Src/stm32l4xx_hal_lcd.o
                0x0000000008006164                HAL_LCD_Init
 .text.HAL_LCD_Write
                0x00000000080062e4       0xb6 Drivers/STM32L4xx_HAL_Driver/Src/stm32l4xx_hal_lcd.o
                0x00000000080062e4                HAL_LCD_Write
 .text.HAL_LCD_Clear
                0x000000000800639a       0xac Drivers/STM32L4xx_HAL_Driver/Src/stm32l4xx_hal_lcd.o
                0x000000000800639a                HAL_LCD_Clear
 .text.HAL_LCD_UpdateDisplayRequest
                0x0000000008006446       0x72 Drivers/STM32L4xx_HAL_Driver/Src/stm32l4xx_hal_lcd.o
                0x0000000008006446                HAL_LCD_UpdateDisplayRequest
 .text.LCD_WaitForSynchro
                0x00000000080064b8       0x42 Drivers/STM32L4xx_HAL_Driver/Src/stm32l4xx_hal_lcd.o
                0x00000000080064b8                LCD_WaitForSynchro
 *fill*         0x00000000080064fa        0x2 
 .text.HAL_PWR_EnableBkUpAccess
                0x00000000080064fc       0x20 Drivers/STM32L4xx_HAL_Driver/Src/stm32l4xx_hal_pwr.o
                0x00000000080064fc                HAL_PWR_EnableBkUpAccess
 .text.HAL_PWREx_GetVoltageRange
                0x000000000800651c       0x1c Drivers/STM32L4xx_HAL_Driver/Src/stm32l4xx_hal_pwr_ex.o
                0x000000000800651c                HAL_PWREx_GetVoltageRange
 .text.HAL_PWREx_ControlVoltageScaling
                0x0000000008006538       0xac Drivers/STM32L4xx_HAL_Driver/Src/stm32l4xx_hal_pwr_ex.o
                0x0000000008006538                HAL_PWREx_ControlVoltageScaling
 .text.HAL_PWREx_EnableVddUSB
                0x00000000080065e4       0x20 Drivers/STM32L4xx_HAL_Driver/Src/stm32l4xx_hal_pwr_ex.o
                0x00000000080065e4                HAL_PWREx_EnableVddUSB
 .text.HAL_QSPI_Init
                0x0000000008006604      0x104 Drivers/STM32L4xx_HAL_Driver/Src/stm32l4xx_hal_qspi.o
                0x0000000008006604                HAL_QSPI_Init
 .text.HAL_QSPI_SetTimeout
                0x0000000008006708       0x1c Drivers/STM32L4xx_HAL_Driver/Src/stm32l4xx_hal_qspi.o
                0x0000000008006708                HAL_QSPI_SetTimeout
 .text.QSPI_WaitFlagStateUntilTimeout
                0x0000000008006724       0x6e Drivers/STM32L4xx_HAL_Driver/Src/stm32l4xx_hal_qspi.o
 *fill*         0x0000000008006792        0x2 
 .text.HAL_RCC_OscConfig
                0x0000000008006794      0x760 Drivers/STM32L4xx_HAL_Driver/Src/stm32l4xx_hal_rcc.o
                0x0000000008006794                HAL_RCC_OscConfig
 .text.HAL_RCC_ClockConfig
                0x0000000008006ef4      0x1c4 Drivers/STM32L4xx_HAL_Driver/Src/stm32l4xx_hal_rcc.o
                0x0000000008006ef4                HAL_RCC_ClockConfig
 .text.HAL_RCC_GetSysClockFreq
                0x00000000080070b8      0x114 Drivers/STM32L4xx_HAL_Driver/Src/stm32l4xx_hal_rcc.o
                0x00000000080070b8                HAL_RCC_GetSysClockFreq
 .text.HAL_RCC_GetHCLKFreq
                0x00000000080071cc       0x18 Drivers/STM32L4xx_HAL_Driver/Src/stm32l4xx_hal_rcc.o
                0x00000000080071cc                HAL_RCC_GetHCLKFreq
 .text.HAL_RCC_GetPCLK1Freq
                0x00000000080071e4       0x2c Drivers/STM32L4xx_HAL_Driver/Src/stm32l4xx_hal_rcc.o
                0x00000000080071e4                HAL_RCC_GetPCLK1Freq
 .text.HAL_RCC_GetPCLK2Freq
                0x0000000008007210       0x2c Drivers/STM32L4xx_HAL_Driver/Src/stm32l4xx_hal_rcc.o
                0x0000000008007210                HAL_RCC_GetPCLK2Freq
 .text.RCC_SetFlashLatencyFromMSIRange
                0x000000000800723c       0xc0 Drivers/STM32L4xx_HAL_Driver/Src/stm32l4xx_hal_rcc.o
 .text.HAL_RCCEx_PeriphCLKConfig
                0x00000000080072fc      0x5cc Drivers/STM32L4xx_HAL_Driver/Src/stm32l4xx_hal_rcc_ex.o
                0x00000000080072fc                HAL_RCCEx_PeriphCLKConfig
 .text.HAL_RCCEx_GetPeriphCLKFreq
                0x00000000080078c8      0x8f0 Drivers/STM32L4xx_HAL_Driver/Src/stm32l4xx_hal_rcc_ex.o
                0x00000000080078c8                HAL_RCCEx_GetPeriphCLKFreq
 .text.HAL_RCCEx_EnableMSIPLLMode
                0x00000000080081b8       0x20 Drivers/STM32L4xx_HAL_Driver/Src/stm32l4xx_hal_rcc_ex.o
                0x00000000080081b8                HAL_RCCEx_EnableMSIPLLMode
 .text.RCCEx_PLLSAI1_Config
                0x00000000080081d8      0x1e0 Drivers/STM32L4xx_HAL_Driver/Src/stm32l4xx_hal_rcc_ex.o
 .text.RCCEx_PLLSAI2_Config
                0x00000000080083b8      0x1b4 Drivers/STM32L4xx_HAL_Driver/Src/stm32l4xx_hal_rcc_ex.o
 .text.RCCEx_GetSAIxPeriphCLKFreq
                0x000000000800856c      0x1b0 Drivers/STM32L4xx_HAL_Driver/Src/stm32l4xx_hal_rcc_ex.o
 .text.HAL_SAI_Init
                0x000000000800871c      0x2cc Drivers/STM32L4xx_HAL_Driver/Src/stm32l4xx_hal_sai.o
                0x000000000800871c                HAL_SAI_Init
 .text.SAI_Disable
                0x00000000080089e8       0x68 Drivers/STM32L4xx_HAL_Driver/Src/stm32l4xx_hal_sai.o
 .text.HAL_SPI_Init
                0x0000000008008a50      0x114 Drivers/STM32L4xx_HAL_Driver/Src/stm32l4xx_hal_spi.o
                0x0000000008008a50                HAL_SPI_Init
 .text.HAL_TIM_Base_Init
                0x0000000008008b64       0x56 Drivers/STM32L4xx_HAL_Driver/Src/stm32l4xx_hal_tim.o
                0x0000000008008b64                HAL_TIM_Base_Init
 *fill*         0x0000000008008bba        0x2 
 .text.HAL_TIM_Base_Start_IT
                0x0000000008008bbc       0x54 Drivers/STM32L4xx_HAL_Driver/Src/stm32l4xx_hal_tim.o
                0x0000000008008bbc                HAL_TIM_Base_Start_IT
 .text.HAL_TIM_ConfigClockSource
                0x0000000008008c10      0x172 Drivers/STM32L4xx_HAL_Driver/Src/stm32l4xx_hal_tim.o
                0x0000000008008c10                HAL_TIM_ConfigClockSource
 *fill*         0x0000000008008d82        0x2 
 .text.TIM_Base_SetConfig
                0x0000000008008d84      0x134 Drivers/STM32L4xx_HAL_Driver/Src/stm32l4xx_hal_tim.o
                0x0000000008008d84                TIM_Base_SetConfig
 .text.TIM_TI1_ConfigInputStage
                0x0000000008008eb8       0x5e Drivers/STM32L4xx_HAL_Driver/Src/stm32l4xx_hal_tim.o
 .text.TIM_TI2_ConfigInputStage
                0x0000000008008f16       0x60 Drivers/STM32L4xx_HAL_Driver/Src/stm32l4xx_hal_tim.o
 .text.TIM_ITRx_SetConfig
                0x0000000008008f76       0x36 Drivers/STM32L4xx_HAL_Driver/Src/stm32l4xx_hal_tim.o
 .text.TIM_ETR_SetConfig
                0x0000000008008fac       0x40 Drivers/STM32L4xx_HAL_Driver/Src/stm32l4xx_hal_tim.o
                0x0000000008008fac                TIM_ETR_SetConfig
 .text.HAL_TIMEx_MasterConfigSynchronization
                0x0000000008008fec       0xb8 Drivers/STM32L4xx_HAL_Driver/Src/stm32l4xx_hal_tim_ex.o
                0x0000000008008fec                HAL_TIMEx_MasterConfigSynchronization
 .text.HAL_UART_Init
                0x00000000080090a4       0x9c Drivers/STM32L4xx_HAL_Driver/Src/stm32l4xx_hal_uart.o
                0x00000000080090a4                HAL_UART_Init
 .text.UART_SetConfig
                0x0000000008009140      0x690 Drivers/STM32L4xx_HAL_Driver/Src/stm32l4xx_hal_uart.o
                0x0000000008009140                UART_SetConfig
 .text.UART_AdvFeatureConfig
                0x00000000080097d0      0x144 Drivers/STM32L4xx_HAL_Driver/Src/stm32l4xx_hal_uart.o
                0x00000000080097d0                UART_AdvFeatureConfig
 .text.UART_CheckIdleState
                0x0000000008009914       0x8a Drivers/STM32L4xx_HAL_Driver/Src/stm32l4xx_hal_uart.o
                0x0000000008009914                UART_CheckIdleState
 .text.UART_WaitOnFlagUntilTimeout
                0x000000000800999e       0x90 Drivers/STM32L4xx_HAL_Driver/Src/stm32l4xx_hal_uart.o
                0x000000000800999e                UART_WaitOnFlagUntilTimeout
 .text.USB_CoreInit
                0x0000000008009a2e       0xa4 Drivers/STM32L4xx_HAL_Driver/Src/stm32l4xx_ll_usb.o
                0x0000000008009a2e                USB_CoreInit
 .text.USB_EnableGlobalInt
                0x0000000008009ad2       0x22 Drivers/STM32L4xx_HAL_Driver/Src/stm32l4xx_ll_usb.o
                0x0000000008009ad2                USB_EnableGlobalInt
 .text.USB_DisableGlobalInt
                0x0000000008009af4       0x22 Drivers/STM32L4xx_HAL_Driver/Src/stm32l4xx_ll_usb.o
                0x0000000008009af4                USB_DisableGlobalInt
 .text.USB_SetCurrentMode
                0x0000000008009b16       0x54 Drivers/STM32L4xx_HAL_Driver/Src/stm32l4xx_ll_usb.o
                0x0000000008009b16                USB_SetCurrentMode
 *fill*         0x0000000008009b6a        0x2 
 .text.USB_FlushTxFifo
                0x0000000008009b6c       0x4c Drivers/STM32L4xx_HAL_Driver/Src/stm32l4xx_ll_usb.o
                0x0000000008009b6c                USB_FlushTxFifo
 .text.USB_FlushRxFifo
                0x0000000008009bb8       0x44 Drivers/STM32L4xx_HAL_Driver/Src/stm32l4xx_ll_usb.o
                0x0000000008009bb8                USB_FlushRxFifo
 .text.USB_WritePacket
                0x0000000008009bfc       0x62 Drivers/STM32L4xx_HAL_Driver/Src/stm32l4xx_ll_usb.o
                0x0000000008009bfc                USB_WritePacket
 .text.USB_ReadPacket
                0x0000000008009c5e       0x52 Drivers/STM32L4xx_HAL_Driver/Src/stm32l4xx_ll_usb.o
                0x0000000008009c5e                USB_ReadPacket
 .text.USB_ReadInterrupts
                0x0000000008009cb0       0x26 Drivers/STM32L4xx_HAL_Driver/Src/stm32l4xx_ll_usb.o
                0x0000000008009cb0                USB_ReadInterrupts
 .text.USB_GetMode
                0x0000000008009cd6       0x1c Drivers/STM32L4xx_HAL_Driver/Src/stm32l4xx_ll_usb.o
                0x0000000008009cd6                USB_GetMode
 *fill*         0x0000000008009cf2        0x2 
 .text.USB_CoreReset
                0x0000000008009cf4       0x68 Drivers/STM32L4xx_HAL_Driver/Src/stm32l4xx_ll_usb.o
 .text.USB_HostInit
                0x0000000008009d5c       0xfc Drivers/STM32L4xx_HAL_Driver/Src/stm32l4xx_ll_usb.o
                0x0000000008009d5c                USB_HostInit
 .text.USB_InitFSLSPClkSel
                0x0000000008009e58       0x74 Drivers/STM32L4xx_HAL_Driver/Src/stm32l4xx_ll_usb.o
                0x0000000008009e58                USB_InitFSLSPClkSel
 .text.USB_ResetPort
                0x0000000008009ecc       0x54 Drivers/STM32L4xx_HAL_Driver/Src/stm32l4xx_ll_usb.o
                0x0000000008009ecc                USB_ResetPort
 .text.USB_DriveVbus
                0x0000000008009f20       0x72 Drivers/STM32L4xx_HAL_Driver/Src/stm32l4xx_ll_usb.o
                0x0000000008009f20                USB_DriveVbus
 .text.USB_GetHostSpeed
                0x0000000008009f92       0x2e Drivers/STM32L4xx_HAL_Driver/Src/stm32l4xx_ll_usb.o
                0x0000000008009f92                USB_GetHostSpeed
 .text.USB_GetCurrentFrame
                0x0000000008009fc0       0x22 Drivers/STM32L4xx_HAL_Driver/Src/stm32l4xx_ll_usb.o
                0x0000000008009fc0                USB_GetCurrentFrame
 *fill*         0x0000000008009fe2        0x2 
 .text.USB_HC_Init
                0x0000000008009fe4      0x1e4 Drivers/STM32L4xx_HAL_Driver/Src/stm32l4xx_ll_usb.o
                0x0000000008009fe4                USB_HC_Init
 .text.USB_HC_StartXfer
                0x000000000800a1c8      0x200 Drivers/STM32L4xx_HAL_Driver/Src/stm32l4xx_ll_usb.o
                0x000000000800a1c8                USB_HC_StartXfer
 .text.USB_HC_ReadInterrupt
                0x000000000800a3c8       0x22 Drivers/STM32L4xx_HAL_Driver/Src/stm32l4xx_ll_usb.o
                0x000000000800a3c8                USB_HC_ReadInterrupt
 .text.USB_HC_Halt
                0x000000000800a3ea      0x1fe Drivers/STM32L4xx_HAL_Driver/Src/stm32l4xx_ll_usb.o
                0x000000000800a3ea                USB_HC_Halt
 .text.USB_StopHost
                0x000000000800a5e8      0x10c Drivers/STM32L4xx_HAL_Driver/Src/stm32l4xx_ll_usb.o
                0x000000000800a5e8                USB_StopHost
 .text.USBH_CDC_InterfaceInit
                0x000000000800a6f4      0x282 Middlewares/ST/STM32_USB_Host_Library/Class/CDC/Src/usbh_cdc.o
 .text.USBH_CDC_InterfaceDeInit
                0x000000000800a976       0xb2 Middlewares/ST/STM32_USB_Host_Library/Class/CDC/Src/usbh_cdc.o
 .text.USBH_CDC_ClassRequest
                0x000000000800aa28       0x42 Middlewares/ST/STM32_USB_Host_Library/Class/CDC/Src/usbh_cdc.o
 *fill*         0x000000000800aa6a        0x2 
 .text.USBH_CDC_Process
                0x000000000800aa6c      0x12c Middlewares/ST/STM32_USB_Host_Library/Class/CDC/Src/usbh_cdc.o
 .text.USBH_CDC_SOFProcess
                0x000000000800ab98       0x16 Middlewares/ST/STM32_USB_Host_Library/Class/CDC/Src/usbh_cdc.o
 .text.GetLineCoding
                0x000000000800abae       0x3e Middlewares/ST/STM32_USB_Host_Library/Class/CDC/Src/usbh_cdc.o
 .text.SetLineCoding
                0x000000000800abec       0x3e Middlewares/ST/STM32_USB_Host_Library/Class/CDC/Src/usbh_cdc.o
 .text.CDC_ProcessTransmission
                0x000000000800ac2a       0xf0 Middlewares/ST/STM32_USB_Host_Library/Class/CDC/Src/usbh_cdc.o
 .text.CDC_ProcessReception
                0x000000000800ad1a       0xb6 Middlewares/ST/STM32_USB_Host_Library/Class/CDC/Src/usbh_cdc.o
 .text.USBH_CDC_TransmitCallback
                0x000000000800add0       0x14 Middlewares/ST/STM32_USB_Host_Library/Class/CDC/Src/usbh_cdc.o
                0x000000000800add0                USBH_CDC_TransmitCallback
 .text.USBH_CDC_ReceiveCallback
                0x000000000800ade4       0x14 Middlewares/ST/STM32_USB_Host_Library/Class/CDC/Src/usbh_cdc.o
                0x000000000800ade4                USBH_CDC_ReceiveCallback
 .text.USBH_CDC_LineCodingChanged
                0x000000000800adf8       0x14 Middlewares/ST/STM32_USB_Host_Library/Class/CDC/Src/usbh_cdc.o
                0x000000000800adf8                USBH_CDC_LineCodingChanged
 .text.USBH_Init
                0x000000000800ae0c       0x54 Middlewares/ST/STM32_USB_Host_Library/Core/Src/usbh_core.o
                0x000000000800ae0c                USBH_Init
 .text.DeInitStateMachine
                0x000000000800ae60       0x92 Middlewares/ST/STM32_USB_Host_Library/Core/Src/usbh_core.o
 .text.USBH_RegisterClass
                0x000000000800aef2       0x56 Middlewares/ST/STM32_USB_Host_Library/Core/Src/usbh_core.o
                0x000000000800aef2                USBH_RegisterClass
 .text.USBH_SelectInterface
                0x000000000800af48       0x38 Middlewares/ST/STM32_USB_Host_Library/Core/Src/usbh_core.o
                0x000000000800af48                USBH_SelectInterface
 .text.USBH_FindInterface
                0x000000000800af80       0x8c Middlewares/ST/STM32_USB_Host_Library/Core/Src/usbh_core.o
                0x000000000800af80                USBH_FindInterface
 .text.USBH_Start
                0x000000000800b00c       0x20 Middlewares/ST/STM32_USB_Host_Library/Core/Src/usbh_core.o
                0x000000000800b00c                USBH_Start
 .text.USBH_Process
                0x000000000800b02c      0x310 Middlewares/ST/STM32_USB_Host_Library/Core/Src/usbh_core.o
                0x000000000800b02c                USBH_Process
 .text.USBH_HandleEnum
                0x000000000800b33c      0x234 Middlewares/ST/STM32_USB_Host_Library/Core/Src/usbh_core.o
 .text.USBH_LL_SetTimer
                0x000000000800b570       0x1e Middlewares/ST/STM32_USB_Host_Library/Core/Src/usbh_core.o
                0x000000000800b570                USBH_LL_SetTimer
 .text.USBH_LL_IncTimer
                0x000000000800b58e       0x24 Middlewares/ST/STM32_USB_Host_Library/Core/Src/usbh_core.o
                0x000000000800b58e                USBH_LL_IncTimer
 .text.USBH_HandleSof
                0x000000000800b5b2       0x30 Middlewares/ST/STM32_USB_Host_Library/Core/Src/usbh_core.o
 .text.USBH_LL_PortEnabled
                0x000000000800b5e2       0x1c Middlewares/ST/STM32_USB_Host_Library/Core/Src/usbh_core.o
                0x000000000800b5e2                USBH_LL_PortEnabled
 .text.USBH_LL_PortDisabled
                0x000000000800b5fe       0x1c Middlewares/ST/STM32_USB_Host_Library/Core/Src/usbh_core.o
                0x000000000800b5fe                USBH_LL_PortDisabled
 .text.USBH_IsPortEnabled
                0x000000000800b61a       0x1a Middlewares/ST/STM32_USB_Host_Library/Core/Src/usbh_core.o
                0x000000000800b61a                USBH_IsPortEnabled
 .text.USBH_LL_Connect
                0x000000000800b634       0x4c Middlewares/ST/STM32_USB_Host_Library/Core/Src/usbh_core.o
                0x000000000800b634                USBH_LL_Connect
 .text.USBH_LL_Disconnect
                0x000000000800b680       0x5a Middlewares/ST/STM32_USB_Host_Library/Core/Src/usbh_core.o
                0x000000000800b680                USBH_LL_Disconnect
 .text.USBH_Get_DevDesc
                0x000000000800b6da       0x50 Middlewares/ST/STM32_USB_Host_Library/Core/Src/usbh_ctlreq.o
                0x000000000800b6da                USBH_Get_DevDesc
 .text.USBH_Get_CfgDesc
                0x000000000800b72a       0x48 Middlewares/ST/STM32_USB_Host_Library/Core/Src/usbh_ctlreq.o
                0x000000000800b72a                USBH_Get_CfgDesc
 .text.USBH_Get_StringDesc
                0x000000000800b772       0x56 Middlewares/ST/STM32_USB_Host_Library/Core/Src/usbh_ctlreq.o
                0x000000000800b772                USBH_Get_StringDesc
 .text.USBH_GetDescriptor
                0x000000000800b7c8       0x6a Middlewares/ST/STM32_USB_Host_Library/Core/Src/usbh_ctlreq.o
                0x000000000800b7c8                USBH_GetDescriptor
 .text.USBH_SetAddress
                0x000000000800b832       0x48 Middlewares/ST/STM32_USB_Host_Library/Core/Src/usbh_ctlreq.o
                0x000000000800b832                USBH_SetAddress
 .text.USBH_SetCfg
                0x000000000800b87a       0x46 Middlewares/ST/STM32_USB_Host_Library/Core/Src/usbh_ctlreq.o
                0x000000000800b87a                USBH_SetCfg
 .text.USBH_SetFeature
                0x000000000800b8c0       0x48 Middlewares/ST/STM32_USB_Host_Library/Core/Src/usbh_ctlreq.o
                0x000000000800b8c0                USBH_SetFeature
 .text.USBH_ClrFeature
                0x000000000800b908       0x48 Middlewares/ST/STM32_USB_Host_Library/Core/Src/usbh_ctlreq.o
                0x000000000800b908                USBH_ClrFeature
 .text.USBH_ParseDevDesc
                0x000000000800b950       0xe0 Middlewares/ST/STM32_USB_Host_Library/Core/Src/usbh_ctlreq.o
 .text.USBH_ParseCfgDesc
                0x000000000800ba30      0x144 Middlewares/ST/STM32_USB_Host_Library/Core/Src/usbh_ctlreq.o
 .text.USBH_ParseInterfaceDesc
                0x000000000800bb74       0x5e Middlewares/ST/STM32_USB_Host_Library/Core/Src/usbh_ctlreq.o
 .text.USBH_ParseEPDesc
                0x000000000800bbd2       0x5a Middlewares/ST/STM32_USB_Host_Library/Core/Src/usbh_ctlreq.o
 .text.USBH_ParseStringDesc
                0x000000000800bc2c       0x66 Middlewares/ST/STM32_USB_Host_Library/Core/Src/usbh_ctlreq.o
 .text.USBH_GetNextDesc
                0x000000000800bc92       0x36 Middlewares/ST/STM32_USB_Host_Library/Core/Src/usbh_ctlreq.o
                0x000000000800bc92                USBH_GetNextDesc
 .text.USBH_CtlReq
                0x000000000800bcc8       0x94 Middlewares/ST/STM32_USB_Host_Library/Core/Src/usbh_ctlreq.o
                0x000000000800bcc8                USBH_CtlReq
 .text.USBH_HandleControl
                0x000000000800bd5c      0x2d4 Middlewares/ST/STM32_USB_Host_Library/Core/Src/usbh_ctlreq.o
 .text.USBH_CtlSendSetup
                0x000000000800c030       0x34 Middlewares/ST/STM32_USB_Host_Library/Core/Src/usbh_ioreq.o
                0x000000000800c030                USBH_CtlSendSetup
 .text.USBH_CtlSendData
                0x000000000800c064       0x4a Middlewares/ST/STM32_USB_Host_Library/Core/Src/usbh_ioreq.o
                0x000000000800c064                USBH_CtlSendData
 .text.USBH_CtlReceiveData
                0x000000000800c0ae       0x3c Middlewares/ST/STM32_USB_Host_Library/Core/Src/usbh_ioreq.o
                0x000000000800c0ae                USBH_CtlReceiveData
 .text.USBH_BulkSendData
                0x000000000800c0ea       0x4a Middlewares/ST/STM32_USB_Host_Library/Core/Src/usbh_ioreq.o
                0x000000000800c0ea                USBH_BulkSendData
 .text.USBH_BulkReceiveData
                0x000000000800c134       0x3c Middlewares/ST/STM32_USB_Host_Library/Core/Src/usbh_ioreq.o
                0x000000000800c134                USBH_BulkReceiveData
 .text.USBH_OpenPipe
                0x000000000800c170       0x3e Middlewares/ST/STM32_USB_Host_Library/Core/Src/usbh_pipes.o
                0x000000000800c170                USBH_OpenPipe
 .text.USBH_ClosePipe
                0x000000000800c1ae       0x20 Middlewares/ST/STM32_USB_Host_Library/Core/Src/usbh_pipes.o
                0x000000000800c1ae                USBH_ClosePipe
 .text.USBH_AllocPipe
                0x000000000800c1ce       0x3c Middlewares/ST/STM32_USB_Host_Library/Core/Src/usbh_pipes.o
                0x000000000800c1ce                USBH_AllocPipe
 .text.USBH_FreePipe
                0x000000000800c20a       0x38 Middlewares/ST/STM32_USB_Host_Library/Core/Src/usbh_pipes.o
                0x000000000800c20a                USBH_FreePipe
 .text.USBH_GetFreePipe
                0x000000000800c242       0x46 Middlewares/ST/STM32_USB_Host_Library/Core/Src/usbh_pipes.o
 .text.MX_USB_HOST_Init
                0x000000000800c288       0x4c USB_HOST/App/usb_host.o
                0x000000000800c288                MX_USB_HOST_Init
 .text.MX_USB_HOST_Process
                0x000000000800c2d4       0x14 USB_HOST/App/usb_host.o
                0x000000000800c2d4                MX_USB_HOST_Process
 .text.USBH_UserProcess
                0x000000000800c2e8       0x5c USB_HOST/App/usb_host.o
 .text.HAL_HCD_MspInit
                0x000000000800c344       0xcc USB_HOST/Target/usbh_conf.o
                0x000000000800c344                HAL_HCD_MspInit
 .text.HAL_HCD_SOF_Callback
                0x000000000800c410       0x1c USB_HOST/Target/usbh_conf.o
                0x000000000800c410                HAL_HCD_SOF_Callback
 .text.HAL_HCD_Connect_Callback
                0x000000000800c42c       0x1c USB_HOST/Target/usbh_conf.o
                0x000000000800c42c                HAL_HCD_Connect_Callback
 .text.HAL_HCD_Disconnect_Callback
                0x000000000800c448       0x1c USB_HOST/Target/usbh_conf.o
                0x000000000800c448                HAL_HCD_Disconnect_Callback
 .text.HAL_HCD_HC_NotifyURBChange_Callback
                0x000000000800c464       0x1c USB_HOST/Target/usbh_conf.o
                0x000000000800c464                HAL_HCD_HC_NotifyURBChange_Callback
 .text.HAL_HCD_PortEnabled_Callback
                0x000000000800c480       0x1c USB_HOST/Target/usbh_conf.o
                0x000000000800c480                HAL_HCD_PortEnabled_Callback
 .text.HAL_HCD_PortDisabled_Callback
                0x000000000800c49c       0x1c USB_HOST/Target/usbh_conf.o
                0x000000000800c49c                HAL_HCD_PortDisabled_Callback
 .text.USBH_LL_Init
                0x000000000800c4b8       0x78 USB_HOST/Target/usbh_conf.o
                0x000000000800c4b8                USBH_LL_Init
 .text.USBH_LL_Start
                0x000000000800c530       0x36 USB_HOST/Target/usbh_conf.o
                0x000000000800c530                USBH_LL_Start
 .text.USBH_LL_Stop
                0x000000000800c566       0x36 USB_HOST/Target/usbh_conf.o
                0x000000000800c566                USBH_LL_Stop
 .text.USBH_LL_GetSpeed
                0x000000000800c59c       0x4a USB_HOST/Target/usbh_conf.o
                0x000000000800c59c                USBH_LL_GetSpeed
 .text.USBH_LL_ResetPort
                0x000000000800c5e6       0x36 USB_HOST/Target/usbh_conf.o
                0x000000000800c5e6                USBH_LL_ResetPort
 .text.USBH_LL_GetLastXferSize
                0x000000000800c61c       0x26 USB_HOST/Target/usbh_conf.o
                0x000000000800c61c                USBH_LL_GetLastXferSize
 .text.USBH_LL_OpenPipe
                0x000000000800c642       0x5e USB_HOST/Target/usbh_conf.o
                0x000000000800c642                USBH_LL_OpenPipe
 .text.USBH_LL_ClosePipe
                0x000000000800c6a0       0x3e USB_HOST/Target/usbh_conf.o
                0x000000000800c6a0                USBH_LL_ClosePipe
 .text.USBH_LL_SubmitURB
                0x000000000800c6de       0x62 USB_HOST/Target/usbh_conf.o
                0x000000000800c6de                USBH_LL_SubmitURB
 .text.USBH_LL_GetURBState
                0x000000000800c740       0x26 USB_HOST/Target/usbh_conf.o
                0x000000000800c740                USBH_LL_GetURBState
 .text.USBH_LL_DriverVBUS
                0x000000000800c766       0x2e USB_HOST/Target/usbh_conf.o
                0x000000000800c766                USBH_LL_DriverVBUS
 .text.USBH_LL_SetToggle
                0x000000000800c794       0x66 USB_HOST/Target/usbh_conf.o
                0x000000000800c794                USBH_LL_SetToggle
 .text.USBH_Delay
                0x000000000800c7fa       0x16 USB_HOST/Target/usbh_conf.o
                0x000000000800c7fa                USBH_Delay
 .text.USBH_Get_USB_Status
                0x000000000800c810       0x58 USB_HOST/Target/usbh_conf.o
                0x000000000800c810                USBH_Get_USB_Status
 .text.MX_DriverVbusFS
                0x000000000800c868       0x38 USB_HOST/Target/usbh_platform.o
                0x000000000800c868                MX_DriverVbusFS
 .text.__errno  0x000000000800c8a0        0xc c:/st/stm32cubeide_1.0.2/stm32cubeide/plugins/com.st.stm32cube.ide.mcu.externaltools.gnu-tools-for-stm32.7-2018-q2-update.win32_1.0.0.201904181610/tools/bin/../lib/gcc/arm-none-eabi/7.3.1/../../../../arm-none-eabi/lib/thumb/v7e-m/fpv4-sp/hard\libc_nano.a(lib_a-errno.o)
                0x000000000800c8a0                __errno
 .text.__libc_init_array
                0x000000000800c8ac       0x48 c:/st/stm32cubeide_1.0.2/stm32cubeide/plugins/com.st.stm32cube.ide.mcu.externaltools.gnu-tools-for-stm32.7-2018-q2-update.win32_1.0.0.201904181610/tools/bin/../lib/gcc/arm-none-eabi/7.3.1/../../../../arm-none-eabi/lib/thumb/v7e-m/fpv4-sp/hard\libc_nano.a(lib_a-init.o)
                0x000000000800c8ac                __libc_init_array
 .text.malloc   0x000000000800c8f4       0x10 c:/st/stm32cubeide_1.0.2/stm32cubeide/plugins/com.st.stm32cube.ide.mcu.externaltools.gnu-tools-for-stm32.7-2018-q2-update.win32_1.0.0.201904181610/tools/bin/../lib/gcc/arm-none-eabi/7.3.1/../../../../arm-none-eabi/lib/thumb/v7e-m/fpv4-sp/hard\libc_nano.a(lib_a-malloc.o)
                0x000000000800c8f4                malloc
 .text.free     0x000000000800c904       0x10 c:/st/stm32cubeide_1.0.2/stm32cubeide/plugins/com.st.stm32cube.ide.mcu.externaltools.gnu-tools-for-stm32.7-2018-q2-update.win32_1.0.0.201904181610/tools/bin/../lib/gcc/arm-none-eabi/7.3.1/../../../../arm-none-eabi/lib/thumb/v7e-m/fpv4-sp/hard\libc_nano.a(lib_a-malloc.o)
                0x000000000800c904                free
 .text.memset   0x000000000800c914       0x10 c:/st/stm32cubeide_1.0.2/stm32cubeide/plugins/com.st.stm32cube.ide.mcu.externaltools.gnu-tools-for-stm32.7-2018-q2-update.win32_1.0.0.201904181610/tools/bin/../lib/gcc/arm-none-eabi/7.3.1/../../../../arm-none-eabi/lib/thumb/v7e-m/fpv4-sp/hard\libc_nano.a(lib_a-memset.o)
                0x000000000800c914                memset
 .text._free_r  0x000000000800c924       0x9c c:/st/stm32cubeide_1.0.2/stm32cubeide/plugins/com.st.stm32cube.ide.mcu.externaltools.gnu-tools-for-stm32.7-2018-q2-update.win32_1.0.0.201904181610/tools/bin/../lib/gcc/arm-none-eabi/7.3.1/../../../../arm-none-eabi/lib/thumb/v7e-m/fpv4-sp/hard\libc_nano.a(lib_a-nano-freer.o)
                0x000000000800c924                _free_r
 .text._malloc_r
                0x000000000800c9c0       0xb4 c:/st/stm32cubeide_1.0.2/stm32cubeide/plugins/com.st.stm32cube.ide.mcu.externaltools.gnu-tools-for-stm32.7-2018-q2-update.win32_1.0.0.201904181610/tools/bin/../lib/gcc/arm-none-eabi/7.3.1/../../../../arm-none-eabi/lib/thumb/v7e-m/fpv4-sp/hard\libc_nano.a(lib_a-nano-mallocr.o)
                0x000000000800c9c0                _malloc_r
 .text._sbrk_r  0x000000000800ca74       0x20 c:/st/stm32cubeide_1.0.2/stm32cubeide/plugins/com.st.stm32cube.ide.mcu.externaltools.gnu-tools-for-stm32.7-2018-q2-update.win32_1.0.0.201904181610/tools/bin/../lib/gcc/arm-none-eabi/7.3.1/../../../../arm-none-eabi/lib/thumb/v7e-m/fpv4-sp/hard\libc_nano.a(lib_a-sbrkr.o)
                0x000000000800ca74                _sbrk_r
 .text.__malloc_lock
                0x000000000800ca94        0x2 c:/st/stm32cubeide_1.0.2/stm32cubeide/plugins/com.st.stm32cube.ide.mcu.externaltools.gnu-tools-for-stm32.7-2018-q2-update.win32_1.0.0.201904181610/tools/bin/../lib/gcc/arm-none-eabi/7.3.1/../../../../arm-none-eabi/lib/thumb/v7e-m/fpv4-sp/hard\libc_nano.a(lib_a-mlock.o)
                0x000000000800ca94                __malloc_lock
 .text.__malloc_unlock
                0x000000000800ca96        0x2 c:/st/stm32cubeide_1.0.2/stm32cubeide/plugins/com.st.stm32cube.ide.mcu.externaltools.gnu-tools-for-stm32.7-2018-q2-update.win32_1.0.0.201904181610/tools/bin/../lib/gcc/arm-none-eabi/7.3.1/../../../../arm-none-eabi/lib/thumb/v7e-m/fpv4-sp/hard\libc_nano.a(lib_a-mlock.o)
                0x000000000800ca96                __malloc_unlock
 *(.glue_7)
 .glue_7        0x000000000800ca98        0x0 linker stubs
 *(.glue_7t)
 .glue_7t       0x000000000800ca98        0x0 linker stubs
 *(.eh_frame)
 .eh_frame      0x000000000800ca98        0x0 c:/st/stm32cubeide_1.0.2/stm32cubeide/plugins/com.st.stm32cube.ide.mcu.externaltools.gnu-tools-for-stm32.7-2018-q2-update.win32_1.0.0.201904181610/tools/bin/../lib/gcc/arm-none-eabi/7.3.1/thumb/v7e-m/fpv4-sp/hard/crtbegin.o
 *(.init)
 .init          0x000000000800ca98        0x4 c:/st/stm32cubeide_1.0.2/stm32cubeide/plugins/com.st.stm32cube.ide.mcu.externaltools.gnu-tools-for-stm32.7-2018-q2-update.win32_1.0.0.201904181610/tools/bin/../lib/gcc/arm-none-eabi/7.3.1/thumb/v7e-m/fpv4-sp/hard/crti.o
                0x000000000800ca98                _init
 .init          0x000000000800ca9c        0x8 c:/st/stm32cubeide_1.0.2/stm32cubeide/plugins/com.st.stm32cube.ide.mcu.externaltools.gnu-tools-for-stm32.7-2018-q2-update.win32_1.0.0.201904181610/tools/bin/../lib/gcc/arm-none-eabi/7.3.1/thumb/v7e-m/fpv4-sp/hard/crtn.o
 *(.fini)
 .fini          0x000000000800caa4        0x4 c:/st/stm32cubeide_1.0.2/stm32cubeide/plugins/com.st.stm32cube.ide.mcu.externaltools.gnu-tools-for-stm32.7-2018-q2-update.win32_1.0.0.201904181610/tools/bin/../lib/gcc/arm-none-eabi/7.3.1/thumb/v7e-m/fpv4-sp/hard/crti.o
                0x000000000800caa4                _fini
 .fini          0x000000000800caa8        0x8 c:/st/stm32cubeide_1.0.2/stm32cubeide/plugins/com.st.stm32cube.ide.mcu.externaltools.gnu-tools-for-stm32.7-2018-q2-update.win32_1.0.0.201904181610/tools/bin/../lib/gcc/arm-none-eabi/7.3.1/thumb/v7e-m/fpv4-sp/hard/crtn.o
                0x000000000800cab0                . = ALIGN (0x4)
                0x000000000800cab0                _etext = .

.vfp11_veneer   0x000000000800cab0        0x0
 .vfp11_veneer  0x000000000800cab0        0x0 linker stubs

.v4_bx          0x000000000800cab0        0x0
 .v4_bx         0x000000000800cab0        0x0 linker stubs

.iplt           0x000000000800cab0        0x0
 .iplt          0x000000000800cab0        0x0 c:/st/stm32cubeide_1.0.2/stm32cubeide/plugins/com.st.stm32cube.ide.mcu.externaltools.gnu-tools-for-stm32.7-2018-q2-update.win32_1.0.0.201904181610/tools/bin/../lib/gcc/arm-none-eabi/7.3.1/thumb/v7e-m/fpv4-sp/hard/crtbegin.o

.rodata         0x000000000800cab0       0xa8
                0x000000000800cab0                . = ALIGN (0x4)
 *(.rodata)
 .rodata        0x000000000800cab0        0x4 Middlewares/ST/STM32_USB_Host_Library/Class/CDC/Src/usbh_cdc.o
 *(.rodata*)
 .rodata.AHBPrescTable
                0x000000000800cab4       0x10 Core/Src/system_stm32l4xx.o
                0x000000000800cab4                AHBPrescTable
 .rodata.APBPrescTable
                0x000000000800cac4        0x8 Core/Src/system_stm32l4xx.o
                0x000000000800cac4                APBPrescTable
 .rodata.MSIRangeTable
                0x000000000800cacc       0x30 Core/Src/system_stm32l4xx.o
                0x000000000800cacc                MSIRangeTable
 .rodata.JOY_PIN
                0x000000000800cafc        0xa Drivers/STM32L476G-Discovery/stm32l476g_discovery.o
                0x000000000800cafc                JOY_PIN
 *fill*         0x000000000800cb06        0x2 
 .rodata.JOY_IRQn
                0x000000000800cb08        0x5 Drivers/STM32L476G-Discovery/stm32l476g_discovery.o
                0x000000000800cb08                JOY_IRQn
 *fill*         0x000000000800cb0d        0x3 
 .rodata.CapLetterMap
                0x000000000800cb10       0x34 Drivers/STM32L476G-Discovery/stm32l476g_discovery_glass_lcd.o
                0x000000000800cb10                CapLetterMap
 .rodata.NumberMap
                0x000000000800cb44       0x14 Drivers/STM32L476G-Discovery/stm32l476g_discovery_glass_lcd.o
                0x000000000800cb44                NumberMap
                0x000000000800cb58                . = ALIGN (0x4)

.ARM.extab      0x000000000800cb58        0x0
                0x000000000800cb58                . = ALIGN (0x4)
 *(.ARM.extab* .gnu.linkonce.armextab.*)
                0x000000000800cb58                . = ALIGN (0x4)

.ARM            0x000000000800cb58        0x8
                0x000000000800cb58                . = ALIGN (0x4)
                0x000000000800cb58                __exidx_start = .
 *(.ARM.exidx*)
 .ARM.exidx     0x000000000800cb58        0x8 c:/st/stm32cubeide_1.0.2/stm32cubeide/plugins/com.st.stm32cube.ide.mcu.externaltools.gnu-tools-for-stm32.7-2018-q2-update.win32_1.0.0.201904181610/tools/bin/../lib/gcc/arm-none-eabi/7.3.1/thumb/v7e-m/fpv4-sp/hard\libgcc.a(_udivmoddi4.o)
                0x000000000800cb60                __exidx_end = .
                0x000000000800cb60                . = ALIGN (0x4)

.rel.dyn        0x000000000800cb60        0x0
 .rel.iplt      0x000000000800cb60        0x0 c:/st/stm32cubeide_1.0.2/stm32cubeide/plugins/com.st.stm32cube.ide.mcu.externaltools.gnu-tools-for-stm32.7-2018-q2-update.win32_1.0.0.201904181610/tools/bin/../lib/gcc/arm-none-eabi/7.3.1/thumb/v7e-m/fpv4-sp/hard/crtbegin.o

.preinit_array  0x000000000800cb60        0x0
                0x000000000800cb60                . = ALIGN (0x4)
                0x000000000800cb60                PROVIDE (__preinit_array_start = .)
 *(.preinit_array*)
                0x000000000800cb60                PROVIDE (__preinit_array_end = .)
                0x000000000800cb60                . = ALIGN (0x4)

.init_array     0x000000000800cb60        0x4
                0x000000000800cb60                . = ALIGN (0x4)
                0x000000000800cb60                PROVIDE (__init_array_start = .)
 *(SORT_BY_NAME(.init_array.*))
 *(.init_array*)
 .init_array    0x000000000800cb60        0x4 c:/st/stm32cubeide_1.0.2/stm32cubeide/plugins/com.st.stm32cube.ide.mcu.externaltools.gnu-tools-for-stm32.7-2018-q2-update.win32_1.0.0.201904181610/tools/bin/../lib/gcc/arm-none-eabi/7.3.1/thumb/v7e-m/fpv4-sp/hard/crtbegin.o
                0x000000000800cb64                PROVIDE (__init_array_end = .)
                0x000000000800cb64                . = ALIGN (0x4)

.fini_array     0x000000000800cb64        0x4
                0x000000000800cb64                . = ALIGN (0x4)
                [!provide]                        PROVIDE (__fini_array_start = .)
 *(SORT_BY_NAME(.fini_array.*))
 *(.fini_array*)
 .fini_array    0x000000000800cb64        0x4 c:/st/stm32cubeide_1.0.2/stm32cubeide/plugins/com.st.stm32cube.ide.mcu.externaltools.gnu-tools-for-stm32.7-2018-q2-update.win32_1.0.0.201904181610/tools/bin/../lib/gcc/arm-none-eabi/7.3.1/thumb/v7e-m/fpv4-sp/hard/crtbegin.o
                [!provide]                        PROVIDE (__fini_array_end = .)
                0x000000000800cb68                . = ALIGN (0x4)
                0x000000000800cb68                _sidata = LOADADDR (.data)

.data           0x0000000020000000       0xb0 load address 0x000000000800cb68
                0x0000000020000000                . = ALIGN (0x4)
                0x0000000020000000                _sdata = .
 *(.data)
 *(.data*)
 .data.frequency
                0x0000000020000000        0x4 Core/Src/main.o
                0x0000000020000000                frequency
 .data.period   0x0000000020000004        0x4 Core/Src/main.o
                0x0000000020000004                period
 .data.eightyMHzClock
                0x0000000020000008        0x1 Core/Src/main.o
                0x0000000020000008                eightyMHzClock
 *fill*         0x0000000020000009        0x3 
 .data.SystemCoreClock
                0x000000002000000c        0x4 Core/Src/system_stm32l4xx.o
                0x000000002000000c                SystemCoreClock
 .data.JOY_PORT
                0x0000000020000010       0x14 Drivers/STM32L476G-Discovery/stm32l476g_discovery.o
                0x0000000020000010                JOY_PORT
 .data.uwTickPrio
                0x0000000020000024        0x4 Drivers/STM32L4xx_HAL_Driver/Src/stm32l4xx_hal.o
                0x0000000020000024                uwTickPrio
 .data.uwTickFreq
                0x0000000020000028        0x4 Drivers/STM32L4xx_HAL_Driver/Src/stm32l4xx_hal.o
                0x0000000020000028                uwTickFreq
 .data.CDC_Class
                0x000000002000002c       0x20 Middlewares/ST/STM32_USB_Host_Library/Class/CDC/Src/usbh_cdc.o
                0x000000002000002c                CDC_Class
 .data._impure_ptr
                0x000000002000004c        0x4 c:/st/stm32cubeide_1.0.2/stm32cubeide/plugins/com.st.stm32cube.ide.mcu.externaltools.gnu-tools-for-stm32.7-2018-q2-update.win32_1.0.0.201904181610/tools/bin/../lib/gcc/arm-none-eabi/7.3.1/../../../../arm-none-eabi/lib/thumb/v7e-m/fpv4-sp/hard\libc_nano.a(lib_a-impure.o)
                0x000000002000004c                _impure_ptr
 .data.impure_data
                0x0000000020000050       0x60 c:/st/stm32cubeide_1.0.2/stm32cubeide/plugins/com.st.stm32cube.ide.mcu.externaltools.gnu-tools-for-stm32.7-2018-q2-update.win32_1.0.0.201904181610/tools/bin/../lib/gcc/arm-none-eabi/7.3.1/../../../../arm-none-eabi/lib/thumb/v7e-m/fpv4-sp/hard\libc_nano.a(lib_a-impure.o)
                0x00000000200000b0                . = ALIGN (0x4)
                0x00000000200000b0                _edata = .

.igot.plt       0x00000000200000b0        0x0 load address 0x000000000800cc18
 .igot.plt      0x00000000200000b0        0x0 c:/st/stm32cubeide_1.0.2/stm32cubeide/plugins/com.st.stm32cube.ide.mcu.externaltools.gnu-tools-for-stm32.7-2018-q2-update.win32_1.0.0.201904181610/tools/bin/../lib/gcc/arm-none-eabi/7.3.1/thumb/v7e-m/fpv4-sp/hard/crtbegin.o
                0x00000000200000b0                . = ALIGN (0x4)

.bss            0x00000000200000b0      0xa78 load address 0x000000000800cc18
                0x00000000200000b0                _sbss = .
                0x00000000200000b0                __bss_start__ = _sbss
 *(.bss)
 .bss           0x00000000200000b0       0x1c c:/st/stm32cubeide_1.0.2/stm32cubeide/plugins/com.st.stm32cube.ide.mcu.externaltools.gnu-tools-for-stm32.7-2018-q2-update.win32_1.0.0.201904181610/tools/bin/../lib/gcc/arm-none-eabi/7.3.1/thumb/v7e-m/fpv4-sp/hard/crtbegin.o
 *(.bss*)
 .bss.counter   0x00000000200000cc        0x4 Core/Src/main.o
                0x00000000200000cc                counter
 .bss.SAI1_client
                0x00000000200000d0        0x4 Core/Src/stm32l4xx_hal_msp.o
 .bss.heap_end.6424
                0x00000000200000d4        0x4 Core/Src/sysmem.o
 .bss.tmpreg.10487
                0x00000000200000d8        0x4 Drivers/STM32L4xx_HAL_Driver/Src/stm32l4xx_ll_usb.o
 .bss.Appli_state
                0x00000000200000dc        0x1 USB_HOST/App/usb_host.o
                0x00000000200000dc                Appli_state
 *fill*         0x00000000200000dd        0x3 
 .bss.__malloc_free_list
                0x00000000200000e0        0x4 c:/st/stm32cubeide_1.0.2/stm32cubeide/plugins/com.st.stm32cube.ide.mcu.externaltools.gnu-tools-for-stm32.7-2018-q2-update.win32_1.0.0.201904181610/tools/bin/../lib/gcc/arm-none-eabi/7.3.1/../../../../arm-none-eabi/lib/thumb/v7e-m/fpv4-sp/hard\libc_nano.a(lib_a-nano-mallocr.o)
                0x00000000200000e0                __malloc_free_list
 .bss.__malloc_sbrk_start
                0x00000000200000e4        0x4 c:/st/stm32cubeide_1.0.2/stm32cubeide/plugins/com.st.stm32cube.ide.mcu.externaltools.gnu-tools-for-stm32.7-2018-q2-update.win32_1.0.0.201904181610/tools/bin/../lib/gcc/arm-none-eabi/7.3.1/../../../../arm-none-eabi/lib/thumb/v7e-m/fpv4-sp/hard\libc_nano.a(lib_a-nano-mallocr.o)
                0x00000000200000e4                __malloc_sbrk_start
 *(COMMON)
 COMMON         0x00000000200000e8      0x35c Core/Src/main.o
                0x00000000200000e8                hspi2
                0x000000002000014c                htim4
                0x000000002000018c                hi2c2
                0x00000000200001d8                hsai_BlockB1
                0x000000002000025c                hadc1
                0x00000000200002c0                hlcd
                0x00000000200002fc                hsai_BlockA1
                0x0000000020000380                huart2
                0x0000000020000400                hqspi
 COMMON         0x0000000020000444       0x4c Drivers/STM32L476G-Discovery/stm32l476g_discovery_glass_lcd.o
                0x0000000020000444                Digit
                0x0000000020000454                LCDHandle
 COMMON         0x0000000020000490        0x4 Drivers/STM32L4xx_HAL_Driver/Src/stm32l4xx_hal.o
                0x0000000020000490                uwTick
 COMMON         0x0000000020000494      0x3cc USB_HOST/App/usb_host.o
                0x0000000020000494                hUsbHostFS
 COMMON         0x0000000020000860      0x2c4 USB_HOST/Target/usbh_conf.o
                0x0000000020000860                hhcd_USB_OTG_FS
 COMMON         0x0000000020000b24        0x4 c:/st/stm32cubeide_1.0.2/stm32cubeide/plugins/com.st.stm32cube.ide.mcu.externaltools.gnu-tools-for-stm32.7-2018-q2-update.win32_1.0.0.201904181610/tools/bin/../lib/gcc/arm-none-eabi/7.3.1/../../../../arm-none-eabi/lib/thumb/v7e-m/fpv4-sp/hard\libc_nano.a(lib_a-reent.o)
                0x0000000020000b24                errno
                0x0000000020000b28                . = ALIGN (0x4)
                0x0000000020000b28                _ebss = .
                0x0000000020000b28                __bss_end__ = _ebss

._user_heap_stack
                0x0000000020000b28      0x600 load address 0x000000000800cc18
                0x0000000020000b28                . = ALIGN (0x8)
                0x0000000020000b28                PROVIDE (end = .)
                [!provide]                        PROVIDE (_end = .)
                0x0000000020000d28                . = (. + _Min_Heap_Size)
 *fill*         0x0000000020000b28      0x200 
                0x0000000020001128                . = (. + _Min_Stack_Size)
 *fill*         0x0000000020000d28      0x400 
                0x0000000020001128                . = ALIGN (0x8)

/DISCARD/
 libc.a(*)
 libm.a(*)
 libgcc.a(*)

.ARM.attributes
                0x0000000000000000       0x30
 *(.ARM.attributes)
 .ARM.attributes
                0x0000000000000000       0x22 c:/st/stm32cubeide_1.0.2/stm32cubeide/plugins/com.st.stm32cube.ide.mcu.externaltools.gnu-tools-for-stm32.7-2018-q2-update.win32_1.0.0.201904181610/tools/bin/../lib/gcc/arm-none-eabi/7.3.1/thumb/v7e-m/fpv4-sp/hard/crti.o
 .ARM.attributes
                0x0000000000000022       0x34 c:/st/stm32cubeide_1.0.2/stm32cubeide/plugins/com.st.stm32cube.ide.mcu.externaltools.gnu-tools-for-stm32.7-2018-q2-update.win32_1.0.0.201904181610/tools/bin/../lib/gcc/arm-none-eabi/7.3.1/thumb/v7e-m/fpv4-sp/hard/crtbegin.o
 .ARM.attributes
                0x0000000000000056       0x39 Core/Src/clock.o
 .ARM.attributes
                0x000000000000008f       0x39 Core/Src/display.o
 .ARM.attributes
                0x00000000000000c8       0x39 Core/Src/main.o
 .ARM.attributes
                0x0000000000000101       0x39 Core/Src/stm32l4xx_hal_msp.o
 .ARM.attributes
                0x000000000000013a       0x39 Core/Src/stm32l4xx_it.o
 .ARM.attributes
                0x0000000000000173       0x39 Core/Src/sysmem.o
 .ARM.attributes
                0x00000000000001ac       0x39 Core/Src/system_stm32l4xx.o
 .ARM.attributes
                0x00000000000001e5       0x21 Core/Startup/startup_stm32l476vgtx.o
 .ARM.attributes
                0x0000000000000206       0x39 Drivers/STM32L476G-Discovery/stm32l476g_discovery.o
 .ARM.attributes
                0x000000000000023f       0x39 Drivers/STM32L476G-Discovery/stm32l476g_discovery_glass_lcd.o
 .ARM.attributes
                0x0000000000000278       0x39 Drivers/STM32L4xx_HAL_Driver/Src/stm32l4xx_hal.o
 .ARM.attributes
                0x00000000000002b1       0x39 Drivers/STM32L4xx_HAL_Driver/Src/stm32l4xx_hal_adc.o
 .ARM.attributes
                0x00000000000002ea       0x39 Drivers/STM32L4xx_HAL_Driver/Src/stm32l4xx_hal_adc_ex.o
 .ARM.attributes
                0x0000000000000323       0x39 Drivers/STM32L4xx_HAL_Driver/Src/stm32l4xx_hal_cortex.o
 .ARM.attributes
                0x000000000000035c       0x39 Drivers/STM32L4xx_HAL_Driver/Src/stm32l4xx_hal_gpio.o
 .ARM.attributes
                0x0000000000000395       0x39 Drivers/STM32L4xx_HAL_Driver/Src/stm32l4xx_hal_hcd.o
 .ARM.attributes
                0x00000000000003ce       0x39 Drivers/STM32L4xx_HAL_Driver/Src/stm32l4xx_hal_i2c.o
 .ARM.attributes
                0x0000000000000407       0x39 Drivers/STM32L4xx_HAL_Driver/Src/stm32l4xx_hal_i2c_ex.o
 .ARM.attributes
                0x0000000000000440       0x39 Drivers/STM32L4xx_HAL_Driver/Src/stm32l4xx_hal_lcd.o
 .ARM.attributes
                0x0000000000000479       0x39 Drivers/STM32L4xx_HAL_Driver/Src/stm32l4xx_hal_pwr.o
 .ARM.attributes
                0x00000000000004b2       0x39 Drivers/STM32L4xx_HAL_Driver/Src/stm32l4xx_hal_pwr_ex.o
 .ARM.attributes
                0x00000000000004eb       0x39 Drivers/STM32L4xx_HAL_Driver/Src/stm32l4xx_hal_qspi.o
 .ARM.attributes
                0x0000000000000524       0x39 Drivers/STM32L4xx_HAL_Driver/Src/stm32l4xx_hal_rcc.o
 .ARM.attributes
                0x000000000000055d       0x39 Drivers/STM32L4xx_HAL_Driver/Src/stm32l4xx_hal_rcc_ex.o
 .ARM.attributes
                0x0000000000000596       0x39 Drivers/STM32L4xx_HAL_Driver/Src/stm32l4xx_hal_sai.o
 .ARM.attributes
                0x00000000000005cf       0x39 Drivers/STM32L4xx_HAL_Driver/Src/stm32l4xx_hal_spi.o
 .ARM.attributes
                0x0000000000000608       0x39 Drivers/STM32L4xx_HAL_Driver/Src/stm32l4xx_hal_tim.o
 .ARM.attributes
                0x0000000000000641       0x39 Drivers/STM32L4xx_HAL_Driver/Src/stm32l4xx_hal_tim_ex.o
 .ARM.attributes
                0x000000000000067a       0x39 Drivers/STM32L4xx_HAL_Driver/Src/stm32l4xx_hal_uart.o
 .ARM.attributes
                0x00000000000006b3       0x39 Drivers/STM32L4xx_HAL_Driver/Src/stm32l4xx_ll_usb.o
 .ARM.attributes
                0x00000000000006ec       0x39 Middlewares/ST/STM32_USB_Host_Library/Class/CDC/Src/usbh_cdc.o
 .ARM.attributes
                0x0000000000000725       0x39 Middlewares/ST/STM32_USB_Host_Library/Core/Src/usbh_core.o
 .ARM.attributes
                0x000000000000075e       0x39 Middlewares/ST/STM32_USB_Host_Library/Core/Src/usbh_ctlreq.o
 .ARM.attributes
                0x0000000000000797       0x39 Middlewares/ST/STM32_USB_Host_Library/Core/Src/usbh_ioreq.o
 .ARM.attributes
                0x00000000000007d0       0x39 Middlewares/ST/STM32_USB_Host_Library/Core/Src/usbh_pipes.o
 .ARM.attributes
                0x0000000000000809       0x39 USB_HOST/App/usb_host.o
 .ARM.attributes
                0x0000000000000842       0x39 USB_HOST/Target/usbh_conf.o
 .ARM.attributes
                0x000000000000087b       0x39 USB_HOST/Target/usbh_platform.o
 .ARM.attributes
                0x00000000000008b4       0x34 c:/st/stm32cubeide_1.0.2/stm32cubeide/plugins/com.st.stm32cube.ide.mcu.externaltools.gnu-tools-for-stm32.7-2018-q2-update.win32_1.0.0.201904181610/tools/bin/../lib/gcc/arm-none-eabi/7.3.1/../../../../arm-none-eabi/lib/thumb/v7e-m/fpv4-sp/hard\libc_nano.a(lib_a-errno.o)
 .ARM.attributes
                0x00000000000008e8       0x34 c:/st/stm32cubeide_1.0.2/stm32cubeide/plugins/com.st.stm32cube.ide.mcu.externaltools.gnu-tools-for-stm32.7-2018-q2-update.win32_1.0.0.201904181610/tools/bin/../lib/gcc/arm-none-eabi/7.3.1/../../../../arm-none-eabi/lib/thumb/v7e-m/fpv4-sp/hard\libc_nano.a(lib_a-impure.o)
 .ARM.attributes
                0x000000000000091c       0x34 c:/st/stm32cubeide_1.0.2/stm32cubeide/plugins/com.st.stm32cube.ide.mcu.externaltools.gnu-tools-for-stm32.7-2018-q2-update.win32_1.0.0.201904181610/tools/bin/../lib/gcc/arm-none-eabi/7.3.1/../../../../arm-none-eabi/lib/thumb/v7e-m/fpv4-sp/hard\libc_nano.a(lib_a-init.o)
 .ARM.attributes
                0x0000000000000950       0x34 c:/st/stm32cubeide_1.0.2/stm32cubeide/plugins/com.st.stm32cube.ide.mcu.externaltools.gnu-tools-for-stm32.7-2018-q2-update.win32_1.0.0.201904181610/tools/bin/../lib/gcc/arm-none-eabi/7.3.1/../../../../arm-none-eabi/lib/thumb/v7e-m/fpv4-sp/hard\libc_nano.a(lib_a-malloc.o)
 .ARM.attributes
                0x0000000000000984       0x34 c:/st/stm32cubeide_1.0.2/stm32cubeide/plugins/com.st.stm32cube.ide.mcu.externaltools.gnu-tools-for-stm32.7-2018-q2-update.win32_1.0.0.201904181610/tools/bin/../lib/gcc/arm-none-eabi/7.3.1/../../../../arm-none-eabi/lib/thumb/v7e-m/fpv4-sp/hard\libc_nano.a(lib_a-memset.o)
 .ARM.attributes
                0x00000000000009b8       0x34 c:/st/stm32cubeide_1.0.2/stm32cubeide/plugins/com.st.stm32cube.ide.mcu.externaltools.gnu-tools-for-stm32.7-2018-q2-update.win32_1.0.0.201904181610/tools/bin/../lib/gcc/arm-none-eabi/7.3.1/../../../../arm-none-eabi/lib/thumb/v7e-m/fpv4-sp/hard\libc_nano.a(lib_a-nano-freer.o)
 .ARM.attributes
                0x00000000000009ec       0x34 c:/st/stm32cubeide_1.0.2/stm32cubeide/plugins/com.st.stm32cube.ide.mcu.externaltools.gnu-tools-for-stm32.7-2018-q2-update.win32_1.0.0.201904181610/tools/bin/../lib/gcc/arm-none-eabi/7.3.1/../../../../arm-none-eabi/lib/thumb/v7e-m/fpv4-sp/hard\libc_nano.a(lib_a-nano-mallocr.o)
 .ARM.attributes
                0x0000000000000a20       0x34 c:/st/stm32cubeide_1.0.2/stm32cubeide/plugins/com.st.stm32cube.ide.mcu.externaltools.gnu-tools-for-stm32.7-2018-q2-update.win32_1.0.0.201904181610/tools/bin/../lib/gcc/arm-none-eabi/7.3.1/../../../../arm-none-eabi/lib/thumb/v7e-m/fpv4-sp/hard\libc_nano.a(lib_a-sbrkr.o)
 .ARM.attributes
                0x0000000000000a54       0x34 c:/st/stm32cubeide_1.0.2/stm32cubeide/plugins/com.st.stm32cube.ide.mcu.externaltools.gnu-tools-for-stm32.7-2018-q2-update.win32_1.0.0.201904181610/tools/bin/../lib/gcc/arm-none-eabi/7.3.1/../../../../arm-none-eabi/lib/thumb/v7e-m/fpv4-sp/hard\libc_nano.a(lib_a-mlock.o)
 .ARM.attributes
                0x0000000000000a88       0x34 c:/st/stm32cubeide_1.0.2/stm32cubeide/plugins/com.st.stm32cube.ide.mcu.externaltools.gnu-tools-for-stm32.7-2018-q2-update.win32_1.0.0.201904181610/tools/bin/../lib/gcc/arm-none-eabi/7.3.1/../../../../arm-none-eabi/lib/thumb/v7e-m/fpv4-sp/hard\libc_nano.a(lib_a-reent.o)
 .ARM.attributes
                0x0000000000000abc       0x22 c:/st/stm32cubeide_1.0.2/stm32cubeide/plugins/com.st.stm32cube.ide.mcu.externaltools.gnu-tools-for-stm32.7-2018-q2-update.win32_1.0.0.201904181610/tools/bin/../lib/gcc/arm-none-eabi/7.3.1/thumb/v7e-m/fpv4-sp/hard\libgcc.a(_arm_addsubdf3.o)
 .ARM.attributes
                0x0000000000000ade       0x22 c:/st/stm32cubeide_1.0.2/stm32cubeide/plugins/com.st.stm32cube.ide.mcu.externaltools.gnu-tools-for-stm32.7-2018-q2-update.win32_1.0.0.201904181610/tools/bin/../lib/gcc/arm-none-eabi/7.3.1/thumb/v7e-m/fpv4-sp/hard\libgcc.a(_arm_muldivdf3.o)
 .ARM.attributes
                0x0000000000000b00       0x22 c:/st/stm32cubeide_1.0.2/stm32cubeide/plugins/com.st.stm32cube.ide.mcu.externaltools.gnu-tools-for-stm32.7-2018-q2-update.win32_1.0.0.201904181610/tools/bin/../lib/gcc/arm-none-eabi/7.3.1/thumb/v7e-m/fpv4-sp/hard\libgcc.a(_arm_cmpdf2.o)
 .ARM.attributes
                0x0000000000000b22       0x22 c:/st/stm32cubeide_1.0.2/stm32cubeide/plugins/com.st.stm32cube.ide.mcu.externaltools.gnu-tools-for-stm32.7-2018-q2-update.win32_1.0.0.201904181610/tools/bin/../lib/gcc/arm-none-eabi/7.3.1/thumb/v7e-m/fpv4-sp/hard\libgcc.a(_arm_fixdfsi.o)
 .ARM.attributes
                0x0000000000000b44       0x22 c:/st/stm32cubeide_1.0.2/stm32cubeide/plugins/com.st.stm32cube.ide.mcu.externaltools.gnu-tools-for-stm32.7-2018-q2-update.win32_1.0.0.201904181610/tools/bin/../lib/gcc/arm-none-eabi/7.3.1/thumb/v7e-m/fpv4-sp/hard\libgcc.a(_aeabi_uldivmod.o)
 .ARM.attributes
                0x0000000000000b66       0x34 c:/st/stm32cubeide_1.0.2/stm32cubeide/plugins/com.st.stm32cube.ide.mcu.externaltools.gnu-tools-for-stm32.7-2018-q2-update.win32_1.0.0.201904181610/tools/bin/../lib/gcc/arm-none-eabi/7.3.1/thumb/v7e-m/fpv4-sp/hard\libgcc.a(_udivmoddi4.o)
 .ARM.attributes
                0x0000000000000b9a       0x22 c:/st/stm32cubeide_1.0.2/stm32cubeide/plugins/com.st.stm32cube.ide.mcu.externaltools.gnu-tools-for-stm32.7-2018-q2-update.win32_1.0.0.201904181610/tools/bin/../lib/gcc/arm-none-eabi/7.3.1/thumb/v7e-m/fpv4-sp/hard\libgcc.a(_dvmd_tls.o)
 .ARM.attributes
                0x0000000000000bbc       0x22 c:/st/stm32cubeide_1.0.2/stm32cubeide/plugins/com.st.stm32cube.ide.mcu.externaltools.gnu-tools-for-stm32.7-2018-q2-update.win32_1.0.0.201904181610/tools/bin/../lib/gcc/arm-none-eabi/7.3.1/thumb/v7e-m/fpv4-sp/hard/crtn.o
OUTPUT(comparator.elf elf32-littlearm)

.debug_info     0x0000000000000000    0x2d35b
 .debug_info    0x0000000000000000      0x691 Core/Src/clock.o
 .debug_info    0x0000000000000691      0x5d8 Core/Src/display.o
 .debug_info    0x0000000000000c69     0x2fdf Core/Src/main.o
 .debug_info    0x0000000000003c48     0x2252 Core/Src/stm32l4xx_hal_msp.o
 .debug_info    0x0000000000005e9a      0x834 Core/Src/stm32l4xx_it.o
 .debug_info    0x00000000000066ce      0x91c Core/Src/sysmem.o
 .debug_info    0x0000000000006fea      0x6f6 Core/Src/system_stm32l4xx.o
 .debug_info    0x00000000000076e0       0x22 Core/Startup/startup_stm32l476vgtx.o
 .debug_info    0x0000000000007702     0x2479 Drivers/STM32L476G-Discovery/stm32l476g_discovery.o
 .debug_info    0x0000000000009b7b     0x1101 Drivers/STM32L476G-Discovery/stm32l476g_discovery_glass_lcd.o
 .debug_info    0x000000000000ac7c      0xcee Drivers/STM32L4xx_HAL_Driver/Src/stm32l4xx_hal.o
 .debug_info    0x000000000000b96a     0x1c49 Drivers/STM32L4xx_HAL_Driver/Src/stm32l4xx_hal_adc.o
 .debug_info    0x000000000000d5b3     0x1a00 Drivers/STM32L4xx_HAL_Driver/Src/stm32l4xx_hal_adc_ex.o
 .debug_info    0x000000000000efb3      0xf3c Drivers/STM32L4xx_HAL_Driver/Src/stm32l4xx_hal_cortex.o
 .debug_info    0x000000000000feef      0x982 Drivers/STM32L4xx_HAL_Driver/Src/stm32l4xx_hal_gpio.o
 .debug_info    0x0000000000010871      0xf97 Drivers/STM32L4xx_HAL_Driver/Src/stm32l4xx_hal_hcd.o
 .debug_info    0x0000000000011808     0x205c Drivers/STM32L4xx_HAL_Driver/Src/stm32l4xx_hal_i2c.o
 .debug_info    0x0000000000013864      0xb41 Drivers/STM32L4xx_HAL_Driver/Src/stm32l4xx_hal_i2c_ex.o
 .debug_info    0x00000000000143a5      0x6e2 Drivers/STM32L4xx_HAL_Driver/Src/stm32l4xx_hal_lcd.o
 .debug_info    0x0000000000014a87      0xa60 Drivers/STM32L4xx_HAL_Driver/Src/stm32l4xx_hal_pwr.o
 .debug_info    0x00000000000154e7      0xada Drivers/STM32L4xx_HAL_Driver/Src/stm32l4xx_hal_pwr_ex.o
 .debug_info    0x0000000000015fc1     0x129a Drivers/STM32L4xx_HAL_Driver/Src/stm32l4xx_hal_qspi.o
 .debug_info    0x000000000001725b      0xcfe Drivers/STM32L4xx_HAL_Driver/Src/stm32l4xx_hal_rcc.o
 .debug_info    0x0000000000017f59      0xf10 Drivers/STM32L4xx_HAL_Driver/Src/stm32l4xx_hal_rcc_ex.o
 .debug_info    0x0000000000018e69     0x12a7 Drivers/STM32L4xx_HAL_Driver/Src/stm32l4xx_hal_sai.o
 .debug_info    0x000000000001a110     0x1702 Drivers/STM32L4xx_HAL_Driver/Src/stm32l4xx_hal_spi.o
 .debug_info    0x000000000001b812     0x266d Drivers/STM32L4xx_HAL_Driver/Src/stm32l4xx_hal_tim.o
 .debug_info    0x000000000001de7f     0x13d8 Drivers/STM32L4xx_HAL_Driver/Src/stm32l4xx_hal_tim_ex.o
 .debug_info    0x000000000001f257     0x1776 Drivers/STM32L4xx_HAL_Driver/Src/stm32l4xx_hal_uart.o
 .debug_info    0x00000000000209cd     0x1a15 Drivers/STM32L4xx_HAL_Driver/Src/stm32l4xx_ll_usb.o
 .debug_info    0x00000000000223e2     0x1b99 Middlewares/ST/STM32_USB_Host_Library/Class/CDC/Src/usbh_cdc.o
 .debug_info    0x0000000000023f7b     0x1769 Middlewares/ST/STM32_USB_Host_Library/Core/Src/usbh_core.o
 .debug_info    0x00000000000256e4     0x1838 Middlewares/ST/STM32_USB_Host_Library/Core/Src/usbh_ctlreq.o
 .debug_info    0x0000000000026f1c     0x15a5 Middlewares/ST/STM32_USB_Host_Library/Core/Src/usbh_ioreq.o
 .debug_info    0x00000000000284c1     0x13e7 Middlewares/ST/STM32_USB_Host_Library/Core/Src/usbh_pipes.o
 .debug_info    0x00000000000298a8     0x133b USB_HOST/App/usb_host.o
 .debug_info    0x000000000002abe3     0x23d6 USB_HOST/Target/usbh_conf.o
 .debug_info    0x000000000002cfb9      0x3a2 USB_HOST/Target/usbh_platform.o

.debug_abbrev   0x0000000000000000     0x50aa
 .debug_abbrev  0x0000000000000000      0x14a Core/Src/clock.o
 .debug_abbrev  0x000000000000014a      0x17d Core/Src/display.o
 .debug_abbrev  0x00000000000002c7      0x2bc Core/Src/main.o
 .debug_abbrev  0x0000000000000583      0x201 Core/Src/stm32l4xx_hal_msp.o
 .debug_abbrev  0x0000000000000784      0x164 Core/Src/stm32l4xx_it.o
 .debug_abbrev  0x00000000000008e8      0x1bb Core/Src/sysmem.o
 .debug_abbrev  0x0000000000000aa3      0x150 Core/Src/system_stm32l4xx.o
 .debug_abbrev  0x0000000000000bf3       0x12 Core/Startup/startup_stm32l476vgtx.o
 .debug_abbrev  0x0000000000000c05      0x2c4 Drivers/STM32L476G-Discovery/stm32l476g_discovery.o
 .debug_abbrev  0x0000000000000ec9      0x215 Drivers/STM32L476G-Discovery/stm32l476g_discovery_glass_lcd.o
 .debug_abbrev  0x00000000000010de      0x1fb Drivers/STM32L4xx_HAL_Driver/Src/stm32l4xx_hal.o