main.c:114:5:main	16	static
main.c:199:6:SystemClock_Config	232	static
main.c:281:13:MX_ADC1_Init	48	static
main.c:345:13:MX_I2C1_Init	8	static
main.c:391:13:MX_I2C2_Init	8	static
main.c:437:13:MX_LCD_Init	8	static
main.c:475:13:MX_QUADSPI_Init	8	static
main.c:508:13:MX_SAI1_Init	8	static
main.c:583:13:MX_SPI2_Init	8	static
main.c:623:13:MX_TIM4_Init	40	static
main.c:719:13:MX_USART2_UART_Init	8	static
main.c:754:13:MX_GPIO_Init	56	static
main.c:885:6:initializeLEDS	40	static
main.c:913:6:TIM4_IRQHandler	8	static
main.c:936:13:EXTI0_IRQHandler_Config	32	static
main.c:954:6:HAL_GPIO_EXTI_Callback	16	static,ignoring_inline_asm
main.c:981:6:Error_Handler	4	static
