main.c:129:5:main	8	static
main.c:231:6:SystemClock_Config	232	static
main.c:311:13:MX_ADC1_Init	48	static
main.c:375:13:MX_I2C2_Init	8	static
main.c:421:13:MX_LCD_Init	8	static
main.c:459:13:MX_QUADSPI_Init	8	static
main.c:492:13:MX_SAI1_Init	8	static
main.c:567:13:MX_SPI2_Init	8	static
main.c:607:13:MX_TIM4_Init	112	static
main.c:704:13:MX_USART2_UART_Init	8	static
main.c:739:13:MX_GPIO_Init	56	static
main.c:887:6:initializeLEDS	40	static
main.c:915:6:TIM4_IRQHandler	16	static
main.c:967:13:EXTI0_IRQHandler_Config	32	static
main.c:1001:13:EXTI9_5_IRQHandler_Config	32	static
main.c:1026:6:HAL_GPIO_EXTI_Callback	24	static,ignoring_inline_asm
main.c:1061:6:Error_Handler	4	static
