stm32l476g_discovery_idd.c:73:9:BSP_IDD_Init	120	static
stm32l476g_discovery_idd.c:135:6:BSP_IDD_DeInit	0	static
stm32l476g_discovery_idd.c:147:6:BSP_IDD_Reset	0	static
stm32l476g_discovery_idd.c:159:6:BSP_IDD_LowPower	0	static
stm32l476g_discovery_idd.c:171:6:BSP_IDD_StartMeasure	0	static
stm32l476g_discovery_idd.c:184:6:BSP_IDD_Config	40	static
stm32l476g_discovery_idd.c:197:6:BSP_IDD_GetValue	0	static
stm32l476g_discovery_idd.c:209:6:BSP_IDD_EnableIT	0	static
stm32l476g_discovery_idd.c:221:6:BSP_IDD_ClearIT	0	static
stm32l476g_discovery_idd.c:233:9:BSP_IDD_GetITStatus	0	static
stm32l476g_discovery_idd.c:249:6:BSP_IDD_DisableIT	0	static
stm32l476g_discovery_idd.c:261:9:BSP_IDD_ErrorGetCode	8	static
stm32l476g_discovery_idd.c:292:6:BSP_IDD_ErrorEnableIT	0	static
stm32l476g_discovery_idd.c:304:6:BSP_IDD_ErrorClearIT	0	static
stm32l476g_discovery_idd.c:316:9:BSP_IDD_ErrorGetITStatus	0	static
stm32l476g_discovery_idd.c:332:6:BSP_IDD_ErrorDisableIT	0	static
stm32l476g_discovery_idd.c:344:6:BSP_IDD_WakeUp	0	static
