stm32l476g_discovery_glass_lcd.c:810:13:WriteChar.isra.3	16	static
stm32l476g_discovery_glass_lcd.c:156:6:BSP_LCD_GLASS_Init	264	static
stm32l476g_discovery_glass_lcd.c:187:6:BSP_LCD_GLASS_DeInit	24	static
stm32l476g_discovery_glass_lcd.c:216:6:BSP_LCD_GLASS_BlinkConfig	4	static
stm32l476g_discovery_glass_lcd.c:235:6:BSP_LCD_GLASS_Contrast	0	static
stm32l476g_discovery_glass_lcd.c:250:6:BSP_LCD_GLASS_DisplayBar	24	static
stm32l476g_discovery_glass_lcd.c:304:6:BSP_LCD_GLASS_ClearBar	24	static
stm32l476g_discovery_glass_lcd.c:359:6:BSP_LCD_GLASS_BarLevelConfig	8	static
stm32l476g_discovery_glass_lcd.c:434:6:BSP_LCD_GLASS_DisplayChar	16	static
stm32l476g_discovery_glass_lcd.c:447:6:BSP_LCD_GLASS_DisplayString	24	static
stm32l476g_discovery_glass_lcd.c:473:6:BSP_LCD_GLASS_DisplayStrDeci	32	static
stm32l476g_discovery_glass_lcd.c:510:6:BSP_LCD_GLASS_Clear	0	static
stm32l476g_discovery_glass_lcd.c:525:6:BSP_LCD_GLASS_ScrollSentence	72	static
