stm32l476g_discovery.c:739:13:I2C1_Init.part.4	200	static
stm32l476g_discovery.c:923:13:I2C2_Init.part.3	192	static
stm32l476g_discovery.c:275:10:BSP_GetVersion	0	static
stm32l476g_discovery.c:287:20:BSP_SupplyModeDetection	40	static
stm32l476g_discovery.c:335:6:BSP_LED_Init	48	static
stm32l476g_discovery.c:372:6:BSP_LED_DeInit	8	static
stm32l476g_discovery.c:399:6:BSP_LED_On	0	static
stm32l476g_discovery.c:423:6:BSP_LED_Off	0	static
stm32l476g_discovery.c:447:6:BSP_LED_Toggle	0	static
stm32l476g_discovery.c:461:9:BSP_JOY_Init	64	static
stm32l476g_discovery.c:501:6:BSP_JOY_DeInit	48	static
stm32l476g_discovery.c:526:18:BSP_JOY_GetState	24	static
stm32l476g_discovery.c:1155:6:ACCELERO_IO_Init	72	static
stm32l476g_discovery.c:1177:6:ACCELERO_IO_DeInit	48	static
stm32l476g_discovery.c:1200:6:ACCELERO_IO_ITConfig	0	static
stm32l476g_discovery.c:1210:6:ACCELERO_IO_Write	16	static
stm32l476g_discovery.c:1225:9:ACCELERO_IO_Read	8	static,ignoring_inline_asm
stm32l476g_discovery.c:1242:6:MAGNETO_IO_Init	72	static
stm32l476g_discovery.c:1264:6:MAGNETO_IO_DeInit	48	static
stm32l476g_discovery.c:1292:6:MAGNETO_IO_Write	16	static
stm32l476g_discovery.c:1307:9:MAGNETO_IO_Read	8	static,ignoring_inline_asm
stm32l476g_discovery.c:1323:6:GYRO_IO_Init	104	static
stm32l476g_discovery.c:1387:6:GYRO_IO_DeInit	56	static
stm32l476g_discovery.c:1420:6:GYRO_IO_Write	16	static
stm32l476g_discovery.c:1456:6:GYRO_IO_Read	24	static
stm32l476g_discovery.c:1492:6:MFX_IO_Init	192	static
stm32l476g_discovery.c:1501:6:MFX_IO_DeInit	56	static
stm32l476g_discovery.c:1528:6:MFX_IO_ITConfig	40	static
stm32l476g_discovery.c:1551:6:MFX_IO_EnableWakeupPin	40	static
stm32l476g_discovery.c:1570:6:MFX_IO_Wakeup	8	static
stm32l476g_discovery.c:1589:6:MFX_IO_Write	32	static
stm32l476g_discovery.c:1600:9:MFX_IO_Read	32	static
stm32l476g_discovery.c:1613:10:MFX_IO_ReadMultiple	24	static
stm32l476g_discovery.c:1626:6:MFX_IO_WriteMultiple	24	static
stm32l476g_discovery.c:1636:6:MFX_IO_Delay	0	static
stm32l476g_discovery.c:1647:6:AUDIO_IO_Init	40	static
stm32l476g_discovery.c:1681:6:AUDIO_IO_DeInit	56	static
stm32l476g_discovery.c:1712:6:AUDIO_IO_Write	32	static
stm32l476g_discovery.c:1723:9:AUDIO_IO_Read	32	static
stm32l476g_discovery.c:1737:6:AUDIO_IO_Delay	0	static
